
> comicwise@0.1.0 prebuild C:\Users\Alexa\Desktop\SandBox\comicwise
> pnpm clean:cache && pnpm typegen


> comicwise@0.1.0 clean:cache C:\Users\Alexa\Desktop\SandBox\comicwise
> rimraf .next/cache


> comicwise@0.1.0 typegen C:\Users\Alexa\Desktop\SandBox\comicwise
> next typegen

Generating route types...
Γ£ô Types generated successfully

> comicwise@0.1.0 build C:\Users\Alexa\Desktop\SandBox\comicwise
> next build

Γû▓ Next.js 16.1.1 (Turbopack)
- Environments: .env.local
- Experiments (use with caution):
  ┬╖ optimizePackageImports
  ┬╖ serverActions
  ┬╖ staleTimes
  ┬╖ staticGenerationMaxConcurrency: 16
  ┬╖ staticGenerationRetryCount: 3
  Γ£ô typedEnv

  Creating an optimized production build ...
Turbopack build encountered 6 warnings:
./src/database/seed/seeders/universalSeeder.ts:402:24
The file pattern ('/ROOT/' <dynamic> | '/ROOT' <dynamic>) matches 17342 files in [project]/
  400 |   for (const jsonFile of jsonFiles) {
  401 |     try {
> 402 |       const filePath = path.join(process.cwd(), jsonFile);
      |                        ^^^^^^^^^^^^^^^^^^^^^^^^^^^^^^^^^^
  403 |       const fileContent = await fs.readFile(filePath, "utf-8");
  404 |       const rawData = JSON.parse(fileContent);
  405 |       const usersData = Array.isArray(rawData)

Overly broad patterns can lead to build performance issues and over bundling.

Import trace:
  App Route:
    ./src/database/seed/seeders/universalSeeder.ts
    ./src/database/seed/seedHelpersEnhanced.ts
    ./src/app/api/seed/route.ts


./src/database/seed/seeders/universalSeeder.ts:493:24
The file pattern ('/ROOT/' <dynamic> | '/ROOT' <dynamic>) matches 17342 files in [project]/
  491 |
  492 |     try {
> 493 |       const filePath = path.join(process.cwd(), jsonFile);
      |                        ^^^^^^^^^^^^^^^^^^^^^^^^^^^^^^^^^^
  494 |
  495 |       const fileContent = await fs.readFile(filePath, "utf-8");
  496 |       const rawData = JSON.parse(fileContent);

Overly broad patterns can lead to build performance issues and over bundling.

Import trace:
  App Route:
    ./src/database/seed/seeders/universalSeeder.ts
    ./src/database/seed/seedHelpersEnhanced.ts
    ./src/app/api/seed/route.ts


./src/database/seed/seeders/universalSeeder.ts:826:24
The file pattern ('/ROOT/' <dynamic> | '/ROOT' <dynamic>) matches 17342 files in [project]/
  824 |
  825 |     try {
> 826 |       const filePath = path.join(process.cwd(), jsonFile);
      |                        ^^^^^^^^^^^^^^^^^^^^^^^^^^^^^^^^^^
  827 |
  828 |       const fileContent = await fs.readFile(filePath, "utf-8");
  829 |       const rawData = JSON.parse(fileContent);

Overly broad patterns can lead to build performance issues and over bundling.

Import trace:
  App Route:
    ./src/database/seed/seeders/universalSeeder.ts
    ./src/database/seed/seedHelpersEnhanced.ts
    ./src/app/api/seed/route.ts


./src/services/upload/providers/local.ts:98:27
The file pattern (<dynamic> '/' <dynamic> '/' <dynamic> | <dynamic> '/' <dynamic> | <dynamic> '/general/' <dynamic> | <dynamic> 'general/' <dynamic> | <dynamic> '/' <dynamic> | <dynamic> | <dynamic> '/general' <dynamic> | <dynamic> 'general' <dynamic>) matches 17281 files in [project]/
   96 |
   97 |       // Get file stats
>  98 |       const stats = await fs.stat(filePath);
      |                           ^^^^^^^^^^^^^^^^^
   99 |
  100 |       // Construct public URL with forward slashes (relative path)
  101 |       const publicId = `${folder}/${filename}`;

Overly broad patterns can lead to build performance issues and over bundling.

Import traces:
  #1 [App Route]:
    ./src/services/upload/providers/local.ts
    ./src/database/seed/seeders/universalSeeder.ts
    ./src/database/seed/seedHelpersEnhanced.ts
    ./src/app/api/seed/route.ts

  #2 [App Route]:
    ./src/services/upload/providers/local.ts
    ./src/services/upload/factory.ts
    ./src/services/imageService.ts
    ./src/database/seed/seeders/universalSeeder.ts
    ./src/database/seed/seedHelpersEnhanced.ts
    ./src/app/api/seed/route.ts


./src/services/upload/providers/local.ts:94:24
The file pattern (<dynamic> '/' <dynamic> '/' <dynamic> | <dynamic> '/' <dynamic> | <dynamic> '/general/' <dynamic> | <dynamic> 'general/' <dynamic> | <dynamic> '/' <dynamic> | <dynamic> | <dynamic> '/general' <dynamic> | <dynamic> 'general' <dynamic>) matches 34330 files in [project]/
  92 |
  93 |       // Save file
> 94 |       const filePath = path.join(uploadPath, filename);
     |                        ^^^^^^^^^^^^^^^^^^^^^^^^^^^^^^^
  95 |       await fs.writeFile(filePath, buffer);
  96 |
  97 |       // Get file stats

Overly broad patterns can lead to build performance issues and over bundling.

Import traces:
  #1 [App Route]:
    ./src/services/upload/providers/local.ts
    ./src/database/seed/seeders/universalSeeder.ts
    ./src/database/seed/seedHelpersEnhanced.ts
    ./src/app/api/seed/route.ts

  #2 [App Route]:
    ./src/services/upload/providers/local.ts
    ./src/services/upload/factory.ts
    ./src/services/imageService.ts
    ./src/database/seed/seeders/universalSeeder.ts
    ./src/database/seed/seedHelpersEnhanced.ts
    ./src/app/api/seed/route.ts


./src/services/upload/providers/local.ts:90:26
The file pattern (<dynamic> '/' <dynamic> | <dynamic> | <dynamic> '/general' | <dynamic> 'general') matches 17281 files in [project]/
  88 |       // Create directory structure
  89 |       const folder = options.folder ?? "general";
> 90 |       const uploadPath = path.join(this.uploadDir, folder);
     |                          ^^^^^^^^^^^^^^^^^^^^^^^^^^^^^^^^^
  91 |       await fs.mkdir(uploadPath, { recursive: true });
  92 |
  93 |       // Save file

Overly broad patterns can lead to build performance issues and over bundling.

Import traces:
  #1 [App Route]:
    ./src/services/upload/providers/local.ts
    ./src/database/seed/seeders/universalSeeder.ts
    ./src/database/seed/seedHelpersEnhanced.ts
    ./src/app/api/seed/route.ts

  #2 [App Route]:
    ./src/services/upload/providers/local.ts
    ./src/services/upload/factory.ts
    ./src/services/imageService.ts
    ./src/database/seed/seeders/universalSeeder.ts
    ./src/database/seed/seedHelpersEnhanced.ts
    ./src/app/api/seed/route.ts


Γ£ô Compiled successfully in 107s
  Running TypeScript ...
  Collecting page data using 7 workers ...
  Generating static pages using 7 workers (0/52) ...
The width(-1) and height(-1) of chart should be greater than 0,
       please check the style of container, or the props width(100%) and height(100%),
       or add a minWidth(0) or minHeight(undefined) or use aspect(undefined) to control the
       height and width.
The width(-1) and height(-1) of chart should be greater than 0,
       please check the style of container, or the props width(100%) and height(100%),
       or add a minWidth(0) or minHeight(undefined) or use aspect(undefined) to control the
       height and width.
The width(-1) and height(-1) of chart should be greater than 0,
       please check the style of container, or the props width(100%) and height(100%),
       or add a minWidth(0) or minHeight(undefined) or use aspect(undefined) to control the
       height and width.
The width(-1) and height(-1) of chart should be greater than 0,
       please check the style of container, or the props width(100%) and height(100%),
       or add a minWidth(0) or minHeight(undefined) or use aspect(undefined) to control the
       height and width.
The width(-1) and height(-1) of chart should be greater than 0,
       please check the style of container, or the props width(100%) and height(100%),
       or add a minWidth(0) or minHeight(undefined) or use aspect(undefined) to control the
       height and width.
  Generating static pages using 7 workers (13/52)
  Generating static pages using 7 workers (26/52)
  Generating static pages using 7 workers (39/52)
Γ£ô Generating static pages using 7 workers (52/52) in 8.7s
  Finalizing page optimization ...

Route (app)
Γöî Γùï /
Γö£ Γùï /_not-found
Γö£ Γùï /admin
Γö£ ╞Æ /admin/artists
Γö£ ╞Æ /admin/artists/[id]
Γö£ Γùï /admin/artists/new
Γö£ ╞Æ /admin/authors
Γö£ ╞Æ /admin/authors/[id]
Γö£ Γùï /admin/authors/new
Γö£ Γùï /admin/chapters
Γö£ ╞Æ /admin/chapters/[id]
Γö£ Γùï /admin/chapters/new
Γö£ ╞Æ /admin/comics
Γö£ ╞Æ /admin/comics/[id]
Γö£ ╞Æ /admin/comics/new
Γö£ ╞Æ /admin/genres
Γö£ ╞Æ /admin/genres/[id]
Γö£ Γùï /admin/genres/new
Γö£ ╞Æ /admin/types
Γö£ ╞Æ /admin/types/[id]
Γö£ Γùï /admin/types/new
Γö£ Γùï /admin/users
Γö£ ╞Æ /admin/users/[id]
Γö£ Γùï /admin/users/new
Γö£ ╞Æ /api/artists
Γö£ ╞Æ /api/artists/[id]
Γö£ ╞Æ /api/auth/[...nextauth]
Γö£ ╞Æ /api/authors
Γö£ ╞Æ /api/authors/[id]
Γö£ ╞Æ /api/bookmarks
Γö£ ╞Æ /api/chapter-images
Γö£ ╞Æ /api/chapters
Γö£ ╞Æ /api/chapters/[id]
Γö£ ╞Æ /api/comic-images
Γö£ ╞Æ /api/comics
Γö£ ╞Æ /api/comics/[id]
Γö£ ╞Æ /api/comments
Γö£ ╞Æ /api/comments/[id]
Γö£ ╞Æ /api/genres
Γö£ ╞Æ /api/genres/[id]
Γö£ ╞Æ /api/health
Γö£ ╞Æ /api/search
Γö£ ╞Æ /api/seed
Γö£ ╞Æ /api/types
Γö£ ╞Æ /api/types/[id]
Γö£ ╞Æ /api/upload
Γö£ ╞Æ /api/users
Γö£ ╞Æ /api/users/[id]
Γö£ Γùï /application-shell-01
Γö£ Γùï /blog-component-01
Γö£ ╞Æ /bookmarks
Γö£ ╞Æ /comics
Γö£ ╞Æ /comics/[id]
Γö£ ╞Æ /comics/[id]/read/[chapterId]
Γö£ Γùï /dashboard
Γö£ Γùï /dashboard-shell-01
Γö£ Γùï /dmca
Γö£ Γùï /footer-component-01
Γö£ Γùï /forgot-password
Γö£ Γùï /login-page-01
Γö£ Γùï /navbar-component-01
Γö£ Γùï /privacy-policy
Γö£ ╞Æ /profile
Γö£ Γùï /register-01
Γö£ Γùï /resend-verification
Γö£ Γùï /reset-password
Γö£ Γùï /sign-in
Γö£ Γùï /sign-out
Γö£ Γùï /sign-up
Γö£ Γùï /terms-of-service
Γö£ Γùï /verify-email
Γöö Γùï /verify-request


Γùï  (Static)   prerendered as static content
╞Æ  (Dynamic)  server-rendered on demand


> comicwise@0.1.0 postbuild C:\Users\Alexa\Desktop\SandBox\comicwise
> pnpm dlx next-sitemap --config nextSitemap.config.ts

Γ£¿ [next-sitemap] Loading next-sitemap config: file:///C:/Users/Alexa/Desktop/SandBox/comicwise/nextSitemap.config.ts
Γ£à [next-sitemap] Generation completed
ΓöîΓöÇΓöÇΓöÇΓöÇΓöÇΓöÇΓöÇΓöÇΓöÇΓöÇΓöÇΓöÇΓöÇΓöÇΓöÇΓö¼ΓöÇΓöÇΓöÇΓöÇΓöÇΓöÇΓöÇΓöÇΓöÉ
Γöé (index)       Γöé Values Γöé
Γö£ΓöÇΓöÇΓöÇΓöÇΓöÇΓöÇΓöÇΓöÇΓöÇΓöÇΓöÇΓöÇΓöÇΓöÇΓöÇΓö╝ΓöÇΓöÇΓöÇΓöÇΓöÇΓöÇΓöÇΓöÇΓöñ
Γöé indexSitemaps Γöé 0      Γöé
Γöé sitemaps      Γöé 1      Γöé
ΓööΓöÇΓöÇΓöÇΓöÇΓöÇΓöÇΓöÇΓöÇΓöÇΓöÇΓöÇΓöÇΓöÇΓöÇΓöÇΓö┤ΓöÇΓöÇΓöÇΓöÇΓöÇΓöÇΓöÇΓöÇΓöÿ
-----------------------------------------------------
 SITEMAPS
-----------------------------------------------------

   Γùï http://localhost:3000/sitemap.xml


