
> comicwise@0.1.0 prebuild C:\Users\Alexa\Desktop\SandBox\comicwise
> pnpm clean && pnpm type-check


> comicwise@0.1.0 clean C:\Users\Alexa\Desktop\SandBox\comicwise
> rimraf .next out dist build .turbo coverage .react-email


> comicwise@0.1.0 type-check C:\Users\Alexa\Desktop\SandBox\comicwise
> tsc --noEmit

eslint.config.ts(35,5): error TS2322: Type 'Record<string, unknown>' is not assignable to type 'Record<string, Plugin>'.
  'string' index signatures are incompatible.
    Type 'unknown' is not assignable to type 'Plugin'.
src/app/actions/admin/comics.ts(6,53): error TS2307: Cannot find module '@/lib/validations/comic-form' or its corresponding type declarations.
src/app/admin/comics/comic-form.tsx(14,39): error TS2307: Cannot find module '@/lib/validations/schemas' or its corresponding type declarations.
src/app/admin/users/new/page.tsx(15,30): error TS2307: Cannot find module '@/lib/validations/schemas' or its corresponding type declarations.
src/app/api/artists/[id]/route.ts(13,52): error TS2307: Cannot find module '@/lib/validations/schemas' or its corresponding type declarations.
src/app/api/artists/route.ts(8,56): error TS2307: Cannot find module '@/lib/validations/schemas' or its corresponding type declarations.
src/app/api/authors/[id]/route.ts(13,52): error TS2307: Cannot find module '@/lib/validations/schemas' or its corresponding type declarations.
src/app/api/authors/route.ts(8,56): error TS2307: Cannot find module '@/lib/validations/schemas' or its corresponding type declarations.
src/app/api/bookmarks/route.ts(12,60): error TS2307: Cannot find module '@/lib/validations/schemas' or its corresponding type declarations.
src/app/api/chapter-images/route.ts(17,8): error TS2307: Cannot find module '@/lib/validations/schemas' or its corresponding type declarations.
src/app/api/chapters/[id]/route.ts(7,54): error TS2307: Cannot find module '@/lib/validations/schemas' or its corresponding type declarations.
src/app/api/chapters/route.ts(10,58): error TS2307: Cannot find module '@/lib/validations/schemas' or its corresponding type declarations.
src/app/api/comic-images/route.ts(17,8): error TS2307: Cannot find module '@/lib/validations/schemas' or its corresponding type declarations.
src/app/api/comics/[id]/route.ts(5,50): error TS2307: Cannot find module '@/lib/validations/schemas' or its corresponding type declarations.
src/app/api/comics/route.ts(5,54): error TS2307: Cannot find module '@/lib/validations/schemas' or its corresponding type declarations.
src/app/api/comments/[id]/route.ts(5,54): error TS2307: Cannot find module '@/lib/validations/schemas' or its corresponding type declarations.
src/app/api/comments/route.ts(6,37): error TS2307: Cannot find module '@/lib/validations/schemas' or its corresponding type declarations.
src/app/api/genres/[id]/route.ts(11,50): error TS2307: Cannot find module '@/lib/validations/schemas' or its corresponding type declarations.
src/app/api/genres/route.ts(6,54): error TS2307: Cannot find module '@/lib/validations/schemas' or its corresponding type declarations.
src/app/api/types/[id]/route.ts(12,48): error TS2307: Cannot find module '@/lib/validations/schemas' or its corresponding type declarations.
src/app/api/types/route.ts(6,52): error TS2307: Cannot find module '@/lib/validations/schemas' or its corresponding type declarations.
src/app/api/users/[id]/route.ts(5,48): error TS2307: Cannot find module '@/lib/validations/schemas' or its corresponding type declarations.
src/app/api/users/route.ts(5,52): error TS2307: Cannot find module '@/lib/validations/schemas' or its corresponding type declarations.
src/components/admin/ComicForm.tsx(25,33): error TS2307: Cannot find module '@/lib/validations/comic-form' or its corresponding type declarations.
src/lib/actions/artists.ts(6,56): error TS2307: Cannot find module '@/lib/validator' or its corresponding type declarations.
src/lib/actions/authors-artists.ts(16,8): error TS2307: Cannot find module '@/lib/validations/schemas' or its corresponding type declarations.
src/lib/actions/authors-artists.ts(23,8): error TS2307: Cannot find module '@/lib/validations/schemas' or its corresponding type declarations.
src/lib/actions/authors.ts(6,56): error TS2307: Cannot find module '@/lib/validator' or its corresponding type declarations.
src/lib/actions/bookmarks-comments.ts(16,8): error TS2307: Cannot find module '@/lib/validations/schemas' or its corresponding type declarations.
src/lib/actions/bookmarks-comments.ts(23,8): error TS2307: Cannot find module '@/lib/validations/schemas' or its corresponding type declarations.
src/lib/actions/chapter.ts(8,63): error TS2307: Cannot find module '@/lib/validations/schemas' or its corresponding type declarations.
src/lib/actions/chapters.ts(15,8): error TS2307: Cannot find module '@/lib/validations/schemas' or its corresponding type declarations.
src/lib/actions/chapters.ts(20,8): error TS2307: Cannot find module '@/lib/validations/schemas' or its corresponding type declarations.
src/lib/actions/comic.ts(9,59): error TS2307: Cannot find module '@/lib/validations/schemas' or its corresponding type declarations.
src/lib/actions/comics.ts(15,8): error TS2307: Cannot find module '@/lib/validations/schemas' or its corresponding type declarations.
src/lib/actions/comics.ts(16,73): error TS2307: Cannot find module '@/lib/validations/schemas' or its corresponding type declarations.
src/lib/actions/genres-types.ts(16,8): error TS2307: Cannot find module '@/lib/validations/schemas' or its corresponding type declarations.
src/lib/actions/genres-types.ts(23,8): error TS2307: Cannot find module '@/lib/validations/schemas' or its corresponding type declarations.
src/lib/actions/genres.ts(6,54): error TS2307: Cannot find module '@/lib/validator' or its corresponding type declarations.
src/lib/actions/types.ts(6,52): error TS2307: Cannot find module '@/lib/validator' or its corresponding type declarations.
src/lib/actions/users.ts(8,30): error TS2307: Cannot find module '@/lib/validator' or its corresponding type declarations.
src/lib/actions/workflow.ts(14,8): error TS2307: Cannot find module '@/lib/validator' or its corresponding type declarations.
src/lib/search-refactored.ts(214,29): error TS2769: No overload matches this call.
  Overload 1 of 3, '(left: PgColumn<{ name: "status"; tableName: "comic"; dataType: "string"; columnType: "PgEnumColumn"; data: "Ongoing" | "Hiatus" | "Completed" | "Dropped" | "Coming Soon"; driverParam: string; notNull: true; ... 7 more ...; generated: undefined; }, {}, {}>, right: SQLWrapper | ... 4 more ... | "Coming Soon"): SQL<...>', gave the following error.
    Argument of type 'string' is not assignable to parameter of type 'SQLWrapper | "Ongoing" | "Hiatus" | "Completed" | "Dropped" | "Coming Soon"'.
  Overload 2 of 3, '(left: Aliased<string>, right: string | SQLWrapper): SQL<unknown>', gave the following error.
    Argument of type 'PgColumn<{ name: "status"; tableName: "comic"; dataType: "string"; columnType: "PgEnumColumn"; data: "Ongoing" | "Hiatus" | "Completed" | "Dropped" | "Coming Soon"; driverParam: string; notNull: true; ... 7 more ...; generated: undefined; }, {}, {}>' is not assignable to parameter of type 'Aliased<string>'.
      Type 'PgColumn<{ name: "status"; tableName: "comic"; dataType: "string"; columnType: "PgEnumColumn"; data: "Ongoing" | "Hiatus" | "Completed" | "Dropped" | "Coming Soon"; driverParam: string; notNull: true; ... 7 more ...; generated: undefined; }, {}, {}>' is missing the following properties from type 'Aliased<string>': sql, fieldAlias
  Overload 3 of 3, '(left: never, right: unknown): SQL<unknown>', gave the following error.
    Argument of type 'PgColumn<{ name: "status"; tableName: "comic"; dataType: "string"; columnType: "PgEnumColumn"; data: "Ongoing" | "Hiatus" | "Completed" | "Dropped" | "Coming Soon"; driverParam: string; notNull: true; ... 7 more ...; generated: undefined; }, {}, {}>' is not assignable to parameter of type 'never'.
src/tests/unit/actions/auth.test.ts(5,10): error TS2305: Module '"@/lib/actions/auth"' has no exported member 'handleSignOut'.
src/tests/unit/actions/auth.test.ts(48,28): error TS2554: Expected 2 arguments, but got 1.
src/tests/unit/actions/auth.test.ts(71,28): error TS2554: Expected 2 arguments, but got 1.
src/tests/unit/actions/auth.test.ts(92,28): error TS2554: Expected 2 arguments, but got 1.
src/tests/unit/actions/auth.test.ts(105,28): error TS2554: Expected 2 arguments, but got 1.
src/tests/unit/actions/auth.test.ts(108,21): error TS2339: Property 'error' does not exist on type 'AuthActionResponse'.
  Property 'error' does not exist on type '{ success: true; message?: string | undefined; }'.
src/tests/unit/actions/auth.test.ts(117,28): error TS2554: Expected 2 arguments, but got 1.
src/tests/unit/actions/auth.test.ts(120,21): error TS2339: Property 'error' does not exist on type 'AuthActionResponse'.
  Property 'error' does not exist on type '{ success: true; message?: string | undefined; }'.
src/tests/unit/actions/auth.test.ts(129,28): error TS2554: Expected 2 arguments, but got 1.
src/tests/unit/actions/auth.test.ts(132,21): error TS2339: Property 'error' does not exist on type 'AuthActionResponse'.
  Property 'error' does not exist on type '{ success: true; message?: string | undefined; }'.
src/tests/unit/actions/auth.test.ts(141,28): error TS2554: Expected 2 arguments, but got 1.
src/tests/unit/actions/auth.test.ts(144,21): error TS2339: Property 'error' does not exist on type 'AuthActionResponse'.
  Property 'error' does not exist on type '{ success: true; message?: string | undefined; }'.
src/tests/unit/actions/auth.test.ts(153,28): error TS2554: Expected 2 arguments, but got 1.
src/tests/unit/actions/auth.test.ts(156,21): error TS2339: Property 'error' does not exist on type 'AuthActionResponse'.
  Property 'error' does not exist on type '{ success: true; message?: string | undefined; }'.
src/tests/unit/actions/auth.test.ts(165,28): error TS2554: Expected 2 arguments, but got 1.
src/tests/unit/actions/auth.test.ts(168,21): error TS2339: Property 'error' does not exist on type 'AuthActionResponse'.
  Property 'error' does not exist on type '{ success: true; message?: string | undefined; }'.
src/tests/unit/actions/auth.test.ts(177,28): error TS2554: Expected 2 arguments, but got 1.
src/tests/unit/actions/auth.test.ts(180,21): error TS2339: Property 'error' does not exist on type 'AuthActionResponse'.
  Property 'error' does not exist on type '{ success: true; message?: string | undefined; }'.
src/tests/unit/actions/auth.test.ts(194,28): error TS2554: Expected 2 arguments, but got 1.
src/tests/unit/actions/auth.test.ts(207,28): error TS2554: Expected 2 arguments, but got 1.
src/tests/unit/actions/auth.test.ts(210,21): error TS2339: Property 'error' does not exist on type 'AuthActionResponse'.
  Property 'error' does not exist on type '{ success: true; message?: string | undefined; }'.
 ELIFECYCLE  Command failed with exit code 2.
 ELIFECYCLE  Command failed with exit code 2.
