
> comicwise@0.1.0 type-check C:\Users\Alexa\Desktop\SandBox\comicwise
> tsc --noEmit

scripts/cli/commands/health.ts(44,17): error TS2339: Property 'verbose' does not exist on type 'T'.
scripts/fixAllErrorsAuto.ts(122,31): error TS2304: Cannot find name 'database'.
scripts/fixAllErrorsAuto.ts(122,31): error TS2769: No overload matches this call.
  The last overload gave the following error.
    Argument of type 'number' is not assignable to parameter of type 'string | RegExp'.
scripts/fixAllErrorsAuto.ts(122,45): error TS2304: Cannot find name 'g'.
scripts/uploadBulk.ts(87,47): error TS2307: Cannot find module '/services/upload/providers/s3' or its corresponding type declarations.
src/app/(auth)/forgot-password/page.tsx(12,38): error TS2307: Cannot find module '@/components/auth' or its corresponding type declarations.
src/app/(auth)/forgot-password/page.tsx(13,38): error TS2307: Cannot find module 'dto/authDto' or its corresponding type declarations.
src/app/(auth)/forgot-password/page.tsx(14,42): error TS2307: Cannot find module 'lib/validations' or its corresponding type declarations.
src/app/(auth)/forgot-password/page.tsx(15,38): error TS2307: Cannot find module 'lib/validations' or its corresponding type declarations.
src/app/(auth)/forgot-password/page.tsx(16,24): error TS2307: Cannot find module 'ui/button' or its corresponding type declarations.
src/app/(auth)/forgot-password/page.tsx(17,74): error TS2307: Cannot find module 'ui/card' or its corresponding type declarations.
src/app/(auth)/resend-verification/page.tsx(12,38): error TS2307: Cannot find module '@/components/auth' or its corresponding type declarations.
src/app/(auth)/resend-verification/page.tsx(13,47): error TS2307: Cannot find module 'dto/authDto' or its corresponding type declarations.
src/app/(auth)/resend-verification/page.tsx(14,51): error TS2307: Cannot find module 'lib/validations' or its corresponding type declarations.
src/app/(auth)/resend-verification/page.tsx(15,47): error TS2307: Cannot find module 'lib/validations' or its corresponding type declarations.
src/app/(auth)/resend-verification/page.tsx(16,24): error TS2307: Cannot find module 'ui/button' or its corresponding type declarations.
src/app/(auth)/resend-verification/page.tsx(17,74): error TS2307: Cannot find module 'ui/card' or its corresponding type declarations.
src/app/(auth)/reset-password/page.tsx(13,41): error TS2307: Cannot find module '@/components/auth' or its corresponding type declarations.
src/app/(auth)/reset-password/page.tsx(14,37): error TS2307: Cannot find module 'dto/authDto' or its corresponding type declarations.
src/app/(auth)/reset-password/page.tsx(15,41): error TS2307: Cannot find module 'lib/validations' or its corresponding type declarations.
src/app/(auth)/reset-password/page.tsx(16,37): error TS2307: Cannot find module 'lib/validations' or its corresponding type declarations.
src/app/(auth)/reset-password/page.tsx(17,24): error TS2307: Cannot find module 'ui/button' or its corresponding type declarations.
src/app/(auth)/reset-password/page.tsx(18,74): error TS2307: Cannot find module 'ui/card' or its corresponding type declarations.
src/app/(auth)/sign-in/page.tsx(13,53): error TS2307: Cannot find module '@/components/auth' or its corresponding type declarations.
src/app/(auth)/sign-in/page.tsx(14,30): error TS2307: Cannot find module 'dto/authDto' or its corresponding type declarations.
src/app/(auth)/sign-in/page.tsx(15,34): error TS2307: Cannot find module 'lib/validations' or its corresponding type declarations.
src/app/(auth)/sign-in/page.tsx(16,30): error TS2307: Cannot find module 'lib/validations' or its corresponding type declarations.
src/app/(auth)/sign-in/page.tsx(17,24): error TS2307: Cannot find module 'ui/button' or its corresponding type declarations.
src/app/(auth)/sign-out/page.tsx(3,31): error TS2307: Cannot find module 'dto/authDto' or its corresponding type declarations.
src/app/(auth)/sign-out/page.tsx(7,62): error TS2307: Cannot find module 'ui/card' or its corresponding type declarations.
src/app/(auth)/sign-up/page.tsx(13,64): error TS2307: Cannot find module '@/components/auth' or its corresponding type declarations.
src/app/(auth)/sign-up/page.tsx(14,36): error TS2307: Cannot find module 'dto/authDto' or its corresponding type declarations.
src/app/(auth)/sign-up/page.tsx(15,34): error TS2307: Cannot find module 'lib/validations' or its corresponding type declarations.
src/app/(auth)/sign-up/page.tsx(16,30): error TS2307: Cannot find module 'lib/validations' or its corresponding type declarations.
src/app/(auth)/sign-up/page.tsx(17,24): error TS2307: Cannot find module 'ui/button' or its corresponding type declarations.
src/app/(auth)/sign-up/page.tsx(18,27): error TS2307: Cannot find module 'ui/separator' or its corresponding type declarations.
src/app/(auth)/verify-email/page.tsx(7,35): error TS2307: Cannot find module 'dto/authDto' or its corresponding type declarations.
src/app/(auth)/verify-email/page.tsx(12,24): error TS2307: Cannot find module 'ui/button' or its corresponding type declarations.
src/app/(auth)/verify-email/page.tsx(13,87): error TS2307: Cannot find module 'ui/card' or its corresponding type declarations.
src/app/(auth)/verify-request/page.tsx(5,24): error TS2307: Cannot find module 'ui/button' or its corresponding type declarations.
src/app/(auth)/verify-request/page.tsx(6,87): error TS2307: Cannot find module 'ui/card' or its corresponding type declarations.
src/app/(root)/bookmarks/loading.tsx(1,35): error TS2307: Cannot find module 'ui/skeletons' or its corresponding type declarations.
src/app/(root)/bookmarks/page.tsx(2,27): error TS2307: Cannot find module 'components/ComicCard' or its corresponding type declarations.
src/app/(root)/bookmarks/page.tsx(3,34): error TS2307: Cannot find module 'database/queries' or its corresponding type declarations.
src/app/(root)/bookmarks/page.tsx(7,23): error TS2307: Cannot find module 'ui/badge' or its corresponding type declarations.
src/app/(root)/bookmarks/page.tsx(8,24): error TS2307: Cannot find module 'ui/button' or its corresponding type declarations.
src/app/(root)/comics/[id]/page.tsx(1,32): error TS2307: Cannot find module 'components/BookmarkButton' or its corresponding type declarations.
src/app/(root)/comics/[id]/page.tsx(2,27): error TS2307: Cannot find module 'components/ComicCard' or its corresponding type declarations.
src/app/(root)/comics/[id]/page.tsx(3,48): error TS2307: Cannot find module 'database/queries' or its corresponding type declarations.
src/app/(root)/comics/[id]/page.tsx(9,23): error TS2307: Cannot find module 'ui/badge' or its corresponding type declarations.
src/app/(root)/comics/[id]/page.tsx(10,24): error TS2307: Cannot find module 'ui/button' or its corresponding type declarations.
src/app/(root)/comics/[id]/page.tsx(11,35): error TS2307: Cannot find module 'ui/card' or its corresponding type declarations.
src/app/(root)/comics/[id]/page.tsx(12,26): error TS2307: Cannot find module 'ui/skeleton' or its corresponding type declarations.
src/app/(root)/comics/[id]/read/[chapterId]/page.tsx(1,31): error TS2307: Cannot find module 'components/ChapterReader' or its corresponding type declarations.
src/app/(root)/comics/[id]/read/[chapterId]/page.tsx(2,39): error TS2307: Cannot find module 'database/mutations' or its corresponding type declarations.
src/app/(root)/comics/[id]/read/[chapterId]/page.tsx(3,64): error TS2307: Cannot find module 'database/queries' or its corresponding type declarations.
src/app/(root)/comics/[slug]/[chapterNumber]/loading.tsx(1,26): error TS2307: Cannot find module 'ui/skeleton' or its corresponding type declarations.
src/app/(root)/comics/[slug]/loading.tsx(1,37): error TS2307: Cannot find module 'ui/skeletons' or its corresponding type declarations.
src/app/(root)/comics/page.tsx(1,27): error TS2307: Cannot find module 'components/ComicCard' or its corresponding type declarations.
src/app/(root)/comics/page.tsx(2,25): error TS2307: Cannot find module 'components/Filters' or its corresponding type declarations.
src/app/(root)/comics/page.tsx(3,28): error TS2307: Cannot find module 'components/Pagination' or its corresponding type declarations.
src/app/(root)/comics/page.tsx(4,30): error TS2307: Cannot find module 'database/queries/comics' or its corresponding type declarations.
src/app/(root)/comics/page.tsx(5,43): error TS2307: Cannot find module 'dto/genresTypesDto' or its corresponding type declarations.
src/app/(root)/comics/page.tsx(7,26): error TS2307: Cannot find module 'ui/skeleton' or its corresponding type declarations.
src/app/(root)/comics/page.tsx(10,48): error TS2307: Cannot find module '/typesdatabase' or its corresponding type declarations.
src/app/(root)/dmca/page.tsx(1,24): error TS2307: Cannot find module 'components/ClientDate' or its corresponding type declarations.
src/app/(root)/dmca/page.tsx(2,75): error TS2307: Cannot find module 'ui/card' or its corresponding type declarations.
src/app/(root)/error.tsx(3,31): error TS2307: Cannot find module '@/app-config' or its corresponding type declarations.
src/app/(root)/error.tsx(6,24): error TS2307: Cannot find module 'ui/button' or its corresponding type declarations.
src/app/(root)/layout.tsx(1,27): error TS2307: Cannot find module 'components/AppNavbar' or its corresponding type declarations.
src/app/(root)/layout.tsx(2,25): error TS2307: Cannot find module 'components/CurrentYear' or its corresponding type declarations.
src/app/(root)/loading.tsx(1,35): error TS2307: Cannot find module 'ui/skeletons' or its corresponding type declarations.
src/app/(root)/page.tsx(1,27): error TS2307: Cannot find module 'components/ComicCard' or its corresponding type declarations.
src/app/(root)/page.tsx(2,51): error TS2307: Cannot find module 'database/queries' or its corresponding type declarations.
src/app/(root)/page.tsx(6,24): error TS2307: Cannot find module 'ui/button' or its corresponding type declarations.
src/app/(root)/page.tsx(7,26): error TS2307: Cannot find module 'ui/skeleton' or its corresponding type declarations.
src/app/(root)/privacy-policy/page.tsx(1,24): error TS2307: Cannot find module 'components/ClientDate' or its corresponding type declarations.
src/app/(root)/privacy-policy/page.tsx(2,75): error TS2307: Cannot find module 'ui/card' or its corresponding type declarations.
src/app/(root)/profile/loading.tsx(1,47): error TS2307: Cannot find module 'ui/card' or its corresponding type declarations.
src/app/(root)/profile/loading.tsx(2,26): error TS2307: Cannot find module 'ui/skeleton' or its corresponding type declarations.
src/app/(root)/profile/page.tsx(2,34): error TS2307: Cannot find module 'database/queries' or its corresponding type declarations.
src/app/(root)/profile/page.tsx(5,53): error TS2307: Cannot find module 'ui/avatar' or its corresponding type declarations.
src/app/(root)/profile/page.tsx(6,24): error TS2307: Cannot find module 'ui/button' or its corresponding type declarations.
src/app/(root)/profile/page.tsx(7,58): error TS2307: Cannot find module 'ui/card' or its corresponding type declarations.
src/app/(root)/profile/page.tsx(8,23): error TS2307: Cannot find module 'ui/input' or its corresponding type declarations.
src/app/(root)/profile/page.tsx(9,23): error TS2307: Cannot find module 'ui/label' or its corresponding type declarations.
src/app/(root)/terms-of-service/page.tsx(1,24): error TS2307: Cannot find module 'components/ClientDate' or its corresponding type declarations.
src/app/(root)/terms-of-service/page.tsx(2,75): error TS2307: Cannot find module 'ui/card' or its corresponding type declarations.
src/app/actions/admin/comics.ts(5,53): error TS2307: Cannot find module 'lib/validations' or its corresponding type declarations.
src/app/admin/artists/[id]/EditArtistForm.tsx(1,33): error TS2307: Cannot find module 'components/admin/ClientImageUploader' or its corresponding type declarations.
src/app/admin/artists/[id]/EditArtistForm.tsx(2,44): error TS2307: Cannot find module 'dto/artistsDto' or its corresponding type declarations.
src/app/admin/artists/[id]/EditArtistForm.tsx(6,24): error TS2307: Cannot find module 'ui/button' or its corresponding type declarations.
src/app/admin/artists/[id]/EditArtistForm.tsx(7,75): error TS2307: Cannot find module 'ui/card' or its corresponding type declarations.
src/app/admin/artists/[id]/EditArtistForm.tsx(8,23): error TS2307: Cannot find module 'ui/input' or its corresponding type declarations.
src/app/admin/artists/[id]/EditArtistForm.tsx(9,26): error TS2307: Cannot find module 'ui/textarea' or its corresponding type declarations.
src/app/admin/artists/[id]/page.tsx(1,28): error TS2307: Cannot find module 'app/admin/artists/[id]/EditArtistForm' or its corresponding type declarations.
src/app/admin/artists/new/page.tsx(4,32): error TS2307: Cannot find module 'hooks/useImageUpload' or its corresponding type declarations.
src/app/admin/artists/new/page.tsx(10,24): error TS2307: Cannot find module 'ui/button' or its corresponding type declarations.
src/app/admin/artists/new/page.tsx(11,75): error TS2307: Cannot find module 'ui/card' or its corresponding type declarations.
src/app/admin/artists/new/page.tsx(20,8): error TS2307: Cannot find module 'ui/form' or its corresponding type declarations.
src/app/admin/artists/new/page.tsx(21,23): error TS2307: Cannot find module 'ui/input' or its corresponding type declarations.
src/app/admin/artists/new/page.tsx(22,26): error TS2307: Cannot find module 'ui/textarea' or its corresponding type declarations.
src/app/admin/artists/page.tsx(1,21): error TS2307: Cannot find module '@/app-config' or its corresponding type declarations.
src/app/admin/artists/page.tsx(2,27): error TS2307: Cannot find module 'components/admin/DataTable' or its corresponding type declarations.
src/app/admin/artists/page.tsx(6,24): error TS2307: Cannot find module 'ui/button' or its corresponding type declarations.
src/app/admin/authors/[id]/EditAuthorForm.tsx(1,33): error TS2307: Cannot find module 'components/admin/ClientImageUploader' or its corresponding type declarations.
src/app/admin/authors/[id]/EditAuthorForm.tsx(2,44): error TS2307: Cannot find module 'dto/authorsDto' or its corresponding type declarations.
src/app/admin/authors/[id]/EditAuthorForm.tsx(6,24): error TS2307: Cannot find module 'ui/button' or its corresponding type declarations.
src/app/admin/authors/[id]/EditAuthorForm.tsx(7,75): error TS2307: Cannot find module 'ui/card' or its corresponding type declarations.
src/app/admin/authors/[id]/EditAuthorForm.tsx(8,23): error TS2307: Cannot find module 'ui/input' or its corresponding type declarations.
src/app/admin/authors/[id]/EditAuthorForm.tsx(9,26): error TS2307: Cannot find module 'ui/textarea' or its corresponding type declarations.
src/app/admin/authors/[id]/page.tsx(1,28): error TS2307: Cannot find module 'app/admin/authors/[id]/EditAuthorForm' or its corresponding type declarations.
src/app/admin/authors/new/page.tsx(4,32): error TS2307: Cannot find module 'hooks/useImageUpload' or its corresponding type declarations.
src/app/admin/authors/new/page.tsx(10,24): error TS2307: Cannot find module 'ui/button' or its corresponding type declarations.
src/app/admin/authors/new/page.tsx(11,75): error TS2307: Cannot find module 'ui/card' or its corresponding type declarations.
src/app/admin/authors/new/page.tsx(20,8): error TS2307: Cannot find module 'ui/form' or its corresponding type declarations.
src/app/admin/authors/new/page.tsx(21,23): error TS2307: Cannot find module 'ui/input' or its corresponding type declarations.
src/app/admin/authors/new/page.tsx(22,26): error TS2307: Cannot find module 'ui/textarea' or its corresponding type declarations.
src/app/admin/authors/page.tsx(1,21): error TS2307: Cannot find module '@/app-config' or its corresponding type declarations.
src/app/admin/authors/page.tsx(2,27): error TS2307: Cannot find module 'components/admin/DataTable' or its corresponding type declarations.
src/app/admin/authors/page.tsx(6,24): error TS2307: Cannot find module 'ui/button' or its corresponding type declarations.
src/app/admin/chapters/[id]/EditChapterForm.tsx(1,46): error TS2307: Cannot find module 'dto/chaptersDto' or its corresponding type declarations.
src/app/admin/chapters/[id]/EditChapterForm.tsx(4,24): error TS2307: Cannot find module 'ui/button' or its corresponding type declarations.
src/app/admin/chapters/[id]/EditChapterForm.tsx(5,75): error TS2307: Cannot find module 'ui/card' or its corresponding type declarations.
src/app/admin/chapters/[id]/EditChapterForm.tsx(6,23): error TS2307: Cannot find module 'ui/input' or its corresponding type declarations.
src/app/admin/chapters/[id]/EditChapterForm.tsx(7,26): error TS2307: Cannot find module 'ui/textarea' or its corresponding type declarations.
src/app/admin/chapters/[id]/page.tsx(1,29): error TS2307: Cannot find module 'app/admin/chapters/[id]/EditChapterForm' or its corresponding type declarations.
src/app/admin/chapters/new/page.tsx(3,29): error TS2307: Cannot find module 'components/admin/ImageUpload' or its corresponding type declarations.
src/app/admin/chapters/new/page.tsx(8,24): error TS2307: Cannot find module 'ui/button' or its corresponding type declarations.
src/app/admin/chapters/new/page.tsx(9,75): error TS2307: Cannot find module 'ui/card' or its corresponding type declarations.
src/app/admin/chapters/new/page.tsx(18,8): error TS2307: Cannot find module 'ui/form' or its corresponding type declarations.
src/app/admin/chapters/new/page.tsx(19,23): error TS2307: Cannot find module 'ui/input' or its corresponding type declarations.
src/app/admin/chapters/new/page.tsx(20,79): error TS2307: Cannot find module 'ui/select' or its corresponding type declarations.
src/app/admin/chapters/new/page.tsx(21,24): error TS2307: Cannot find module 'ui/switch' or its corresponding type declarations.
src/app/admin/chapters/new/page.tsx(22,26): error TS2307: Cannot find module 'ui/textarea' or its corresponding type declarations.
src/app/admin/chapters/page.tsx(1,27): error TS2307: Cannot find module 'components/admin/DataTable' or its corresponding type declarations.
src/app/admin/chapters/page.tsx(8,24): error TS2307: Cannot find module 'ui/button' or its corresponding type declarations.
src/app/admin/comics/[id]/page.tsx(2,27): error TS2307: Cannot find module 'components/admin/ComicForm' or its corresponding type declarations.
src/app/admin/comics/[id]/page.tsx(3,34): error TS2307: Cannot find module 'components/admin/ConfirmDialog' or its corresponding type declarations.
src/app/admin/comics/[id]/page.tsx(4,30): error TS2307: Cannot find module 'database/queries/adminComics' or its corresponding type declarations.
src/app/admin/comics/[id]/page.tsx(8,24): error TS2307: Cannot find module 'ui/button' or its corresponding type declarations.
src/app/admin/comics/[id]/page.tsx(9,75): error TS2307: Cannot find module 'ui/card' or its corresponding type declarations.
src/app/admin/comics/[id]/page.tsx(10,54): error TS2307: Cannot find module '/app/actions/admin/comics' or its corresponding type declarations.
src/app/admin/comics/ComicForm.tsx(1,29): error TS2307: Cannot find module 'dto/comicsDto' or its corresponding type declarations.
src/app/admin/comics/ComicForm.tsx(2,39): error TS2307: Cannot find module 'lib/validations' or its corresponding type declarations.
src/app/admin/comics/ComicForm.tsx(5,24): error TS2307: Cannot find module 'ui/button' or its corresponding type declarations.
src/app/admin/comics/ComicForm.tsx(6,75): error TS2307: Cannot find module 'ui/card' or its corresponding type declarations.
src/app/admin/comics/ComicForm.tsx(7,23): error TS2307: Cannot find module 'ui/input' or its corresponding type declarations.
src/app/admin/comics/ComicForm.tsx(8,23): error TS2307: Cannot find module 'ui/label' or its corresponding type declarations.
src/app/admin/comics/ComicForm.tsx(9,79): error TS2307: Cannot find module 'ui/select' or its corresponding type declarations.
src/app/admin/comics/ComicForm.tsx(10,26): error TS2307: Cannot find module 'ui/textarea' or its corresponding type declarations.
src/app/admin/comics/ComicFormEnhanced.tsx(4,24): error TS2307: Cannot find module 'ui/button' or its corresponding type declarations.
src/app/admin/comics/ComicFormEnhanced.tsx(5,75): error TS2307: Cannot find module 'ui/card' or its corresponding type declarations.
src/app/admin/comics/ComicFormEnhanced.tsx(6,23): error TS2307: Cannot find module 'ui/input' or its corresponding type declarations.
src/app/admin/comics/ComicFormEnhanced.tsx(7,23): error TS2307: Cannot find module 'ui/label' or its corresponding type declarations.
src/app/admin/comics/ComicFormEnhanced.tsx(8,79): error TS2307: Cannot find module 'ui/select' or its corresponding type declarations.
src/app/admin/comics/ComicFormEnhanced.tsx(9,26): error TS2307: Cannot find module 'ui/textarea' or its corresponding type declarations.
src/app/admin/comics/new/page.tsx(2,27): error TS2307: Cannot find module 'components/admin/ComicForm' or its corresponding type declarations.
src/app/admin/comics/new/page.tsx(5,35): error TS2307: Cannot find module '/app/actions/admin/comics' or its corresponding type declarations.
src/app/admin/comics/page.tsx(1,35): error TS2307: Cannot find module 'components/admin/ComicsListContent' or its corresponding type declarations.
src/app/admin/comics/page.tsx(2,55): error TS2307: Cannot find module 'database/queries/adminComics' or its corresponding type declarations.
src/app/admin/error.tsx(3,31): error TS2307: Cannot find module '@/app-config' or its corresponding type declarations.
src/app/admin/error.tsx(7,24): error TS2307: Cannot find module 'ui/button' or its corresponding type declarations.
src/app/admin/genres/[id]/EditGenreForm.tsx(1,42): error TS2307: Cannot find module 'dto/genresDto' or its corresponding type declarations.
src/app/admin/genres/[id]/EditGenreForm.tsx(4,24): error TS2307: Cannot find module 'ui/button' or its corresponding type declarations.
src/app/admin/genres/[id]/EditGenreForm.tsx(5,75): error TS2307: Cannot find module 'ui/card' or its corresponding type declarations.
src/app/admin/genres/[id]/EditGenreForm.tsx(6,23): error TS2307: Cannot find module 'ui/input' or its corresponding type declarations.
src/app/admin/genres/[id]/EditGenreForm.tsx(7,26): error TS2307: Cannot find module 'ui/textarea' or its corresponding type declarations.
src/app/admin/genres/[id]/page.tsx(1,27): error TS2307: Cannot find module 'app/admin/genres/[id]/EditGenreForm' or its corresponding type declarations.
src/app/admin/genres/new/page.tsx(8,24): error TS2307: Cannot find module 'ui/button' or its corresponding type declarations.
src/app/admin/genres/new/page.tsx(9,75): error TS2307: Cannot find module 'ui/card' or its corresponding type declarations.
src/app/admin/genres/new/page.tsx(10,80): error TS2307: Cannot find module 'ui/form' or its corresponding type declarations.
src/app/admin/genres/new/page.tsx(11,23): error TS2307: Cannot find module 'ui/input' or its corresponding type declarations.
src/app/admin/genres/new/page.tsx(12,26): error TS2307: Cannot find module 'ui/textarea' or its corresponding type declarations.
src/app/admin/genres/page.tsx(1,21): error TS2307: Cannot find module '@/app-config' or its corresponding type declarations.
src/app/admin/genres/page.tsx(2,27): error TS2307: Cannot find module 'components/admin/DataTable' or its corresponding type declarations.
src/app/admin/genres/page.tsx(6,24): error TS2307: Cannot find module 'ui/button' or its corresponding type declarations.
src/app/admin/layout.tsx(1,29): error TS2307: Cannot find module 'components/admin/Breadcrumbs' or its corresponding type declarations.
src/app/admin/layout.tsx(2,29): error TS2307: Cannot find module 'components/admin/CommandMenu' or its corresponding type declarations.
src/app/admin/layout.tsx(3,28): error TS2307: Cannot find module 'components/AppSidebar' or its corresponding type declarations.
src/app/admin/layout.tsx(5,47): error TS2307: Cannot find module 'ui/sidebar' or its corresponding type declarations.
src/app/admin/loading.tsx(1,36): error TS2307: Cannot find module 'ui/skeletons' or its corresponding type declarations.
src/app/admin/page.tsx(1,10): error TS2305: Module '"database"' has no exported member 'bookmark'.
src/app/admin/page.tsx(1,20): error TS2459: Module '"database"' declares 'chapter' locally, but it is not exported.
src/app/admin/page.tsx(1,29): error TS2459: Module '"database"' declares 'comic' locally, but it is not exported.
src/app/admin/page.tsx(1,36): error TS2305: Module '"database"' has no exported member 'comment'.
src/app/admin/page.tsx(1,45): error TS2459: Module '"database"' declares 'user' locally, but it is not exported.
src/app/admin/page.tsx(7,24): error TS2307: Cannot find module 'ui/button' or its corresponding type declarations.
src/app/admin/page.tsx(8,58): error TS2307: Cannot find module 'ui/card' or its corresponding type declarations.
src/app/admin/types/[id]/EditTypeForm.tsx(1,40): error TS2307: Cannot find module 'dto/typesDto' or its corresponding type declarations.
src/app/admin/types/[id]/EditTypeForm.tsx(4,24): error TS2307: Cannot find module 'ui/button' or its corresponding type declarations.
src/app/admin/types/[id]/EditTypeForm.tsx(5,75): error TS2307: Cannot find module 'ui/card' or its corresponding type declarations.
src/app/admin/types/[id]/EditTypeForm.tsx(6,23): error TS2307: Cannot find module 'ui/input' or its corresponding type declarations.
src/app/admin/types/[id]/EditTypeForm.tsx(7,26): error TS2307: Cannot find module 'ui/textarea' or its corresponding type declarations.
src/app/admin/types/[id]/page.tsx(1,26): error TS2307: Cannot find module 'app/admin/types/[id]/EditTypeForm' or its corresponding type declarations.
src/app/admin/types/loading.tsx(1,26): error TS2307: Cannot find module 'ui/skeleton' or its corresponding type declarations.
src/app/admin/types/new/loading.tsx(1,26): error TS2307: Cannot find module 'ui/skeleton' or its corresponding type declarations.
src/app/admin/types/new/page.tsx(8,24): error TS2307: Cannot find module 'ui/button' or its corresponding type declarations.
src/app/admin/types/new/page.tsx(9,75): error TS2307: Cannot find module 'ui/card' or its corresponding type declarations.
src/app/admin/types/new/page.tsx(10,80): error TS2307: Cannot find module 'ui/form' or its corresponding type declarations.
src/app/admin/types/new/page.tsx(11,23): error TS2307: Cannot find module 'ui/input' or its corresponding type declarations.
src/app/admin/types/new/page.tsx(12,26): error TS2307: Cannot find module 'ui/textarea' or its corresponding type declarations.
src/app/admin/types/page.tsx(1,21): error TS2307: Cannot find module '@/app-config' or its corresponding type declarations.
src/app/admin/types/page.tsx(2,27): error TS2307: Cannot find module 'components/admin/DataTable' or its corresponding type declarations.
src/app/admin/types/page.tsx(6,24): error TS2307: Cannot find module 'ui/button' or its corresponding type declarations.
src/app/admin/users/[id]/EditUserForm.tsx(1,40): error TS2307: Cannot find module 'dto/usersDto' or its corresponding type declarations.
src/app/admin/users/[id]/EditUserForm.tsx(4,24): error TS2307: Cannot find module 'ui/button' or its corresponding type declarations.
src/app/admin/users/[id]/EditUserForm.tsx(5,75): error TS2307: Cannot find module 'ui/card' or its corresponding type declarations.
src/app/admin/users/[id]/EditUserForm.tsx(6,23): error TS2307: Cannot find module 'ui/input' or its corresponding type declarations.
src/app/admin/users/[id]/page.tsx(1,26): error TS2307: Cannot find module 'app/admin/users/[id]/EditUserForm' or its corresponding type declarations.
src/app/admin/users/columns.tsx(7,23): error TS2307: Cannot find module 'ui/badge' or its corresponding type declarations.
src/app/admin/users/columns.tsx(8,24): error TS2307: Cannot find module 'ui/button' or its corresponding type declarations.
src/app/admin/users/columns.tsx(16,8): error TS2307: Cannot find module 'ui/DropdownMenu' or its corresponding type declarations.
src/app/admin/users/columns.tsx(18,28): error TS2307: Cannot find module 'dto/usersDto' or its corresponding type declarations.
src/app/admin/users/new/page.tsx(4,30): error TS2307: Cannot find module 'dto/usersDto' or its corresponding type declarations.
src/app/admin/users/new/page.tsx(5,30): error TS2307: Cannot find module 'lib/validations' or its corresponding type declarations.
src/app/admin/users/new/page.tsx(12,24): error TS2307: Cannot find module 'ui/button' or its corresponding type declarations.
src/app/admin/users/new/page.tsx(13,75): error TS2307: Cannot find module 'ui/card' or its corresponding type declarations.
src/app/admin/users/new/page.tsx(14,80): error TS2307: Cannot find module 'ui/form' or its corresponding type declarations.
src/app/admin/users/new/page.tsx(15,23): error TS2307: Cannot find module 'ui/input' or its corresponding type declarations.
src/app/admin/users/page.tsx(1,27): error TS2307: Cannot find module 'components/admin/DataTable' or its corresponding type declarations.
src/app/admin/users/page.tsx(2,10): error TS2459: Module '"database"' declares 'user' locally, but it is not exported.
src/app/api/artists/[id]/route.ts(5,44): error TS2307: Cannot find module 'database/mutations/artists' or its corresponding type declarations.
src/app/api/artists/[id]/route.ts(6,31): error TS2307: Cannot find module 'database/queries/artists' or its corresponding type declarations.
src/app/api/artists/[id]/route.ts(7,52): error TS2307: Cannot find module 'lib/validations' or its corresponding type declarations.
src/app/api/artists/[id]/route.ts(14,8): error TS2307: Cannot find module '/app/apilib/generic-crud' or its corresponding type declarations.
src/app/api/artists/route.ts(5,30): error TS2307: Cannot find module 'database/mutations/artists' or its corresponding type declarations.
src/app/api/artists/route.ts(6,31): error TS2307: Cannot find module 'database/queries/artists' or its corresponding type declarations.
src/app/api/artists/route.ts(7,79): error TS2307: Cannot find module 'lib/genericCrud' or its corresponding type declarations.
src/app/api/artists/route.ts(8,56): error TS2307: Cannot find module 'lib/validations' or its corresponding type declarations.
src/app/api/authors/[id]/route.ts(5,44): error TS2307: Cannot find module 'database/mutations/authors' or its corresponding type declarations.
src/app/api/authors/[id]/route.ts(6,31): error TS2307: Cannot find module 'database/queries/authors' or its corresponding type declarations.
src/app/api/authors/[id]/route.ts(7,52): error TS2307: Cannot find module 'lib/validations' or its corresponding type declarations.
src/app/api/authors/[id]/route.ts(14,8): error TS2307: Cannot find module '/app/apilib/generic-crud' or its corresponding type declarations.
src/app/api/authors/route.ts(5,30): error TS2307: Cannot find module 'database/mutations/authors' or its corresponding type declarations.
src/app/api/authors/route.ts(6,31): error TS2307: Cannot find module 'database/queries/authors' or its corresponding type declarations.
src/app/api/authors/route.ts(7,79): error TS2307: Cannot find module 'lib/genericCrud' or its corresponding type declarations.
src/app/api/authors/route.ts(8,56): error TS2307: Cannot find module 'lib/validations' or its corresponding type declarations.
src/app/api/bookmarks/route.ts(11,8): error TS2307: Cannot find module 'database/mutations/bookmarks' or its corresponding type declarations.
src/app/api/bookmarks/route.ts(12,34): error TS2307: Cannot find module 'database/queries/bookmarks' or its corresponding type declarations.
src/app/api/bookmarks/route.ts(13,60): error TS2307: Cannot find module 'lib/validations' or its corresponding type declarations.
src/app/api/chapter-images/route.ts(11,8): error TS2307: Cannot find module 'database/mutations/chapterImages' or its corresponding type declarations.
src/app/api/chapter-images/route.ts(12,34): error TS2307: Cannot find module 'database/queries/chapterImages' or its corresponding type declarations.
src/app/api/chapter-images/route.ts(18,8): error TS2307: Cannot find module 'lib/validations' or its corresponding type declarations.
src/app/api/chapters/[id]/route.ts(6,46): error TS2307: Cannot find module 'database/mutations/chapters' or its corresponding type declarations.
src/app/api/chapters/[id]/route.ts(7,28): error TS2307: Cannot find module 'database/queries/chapters' or its corresponding type declarations.
src/app/api/chapters/[id]/route.ts(8,54): error TS2307: Cannot find module 'lib/validations' or its corresponding type declarations.
src/app/api/chapters/route.ts(5,21): error TS2307: Cannot find module '@/app-config' or its corresponding type declarations.
src/app/api/chapters/route.ts(7,31): error TS2307: Cannot find module 'database/mutations/chapters' or its corresponding type declarations.
src/app/api/chapters/route.ts(8,41): error TS2307: Cannot find module 'database/queries/bookmarks' or its corresponding type declarations.
src/app/api/chapters/route.ts(9,32): error TS2307: Cannot find module 'database/queries/chapters' or its corresponding type declarations.
src/app/api/chapters/route.ts(10,44): error TS2307: Cannot find module 'lib/email' or its corresponding type declarations.
src/app/api/chapters/route.ts(11,58): error TS2307: Cannot find module 'lib/validations' or its corresponding type declarations.
src/app/api/comic-images/route.ts(11,8): error TS2307: Cannot find module 'database/mutations/comicImages' or its corresponding type declarations.
src/app/api/comic-images/route.ts(12,32): error TS2307: Cannot find module 'database/queries/comicImages' or its corresponding type declarations.
src/app/api/comic-images/route.ts(18,8): error TS2307: Cannot find module 'lib/validations' or its corresponding type declarations.
src/app/api/comics/[id]/route.ts(6,42): error TS2307: Cannot find module 'database/mutations/comics' or its corresponding type declarations.
src/app/api/comics/[id]/route.ts(7,26): error TS2307: Cannot find module 'database/queries/comics' or its corresponding type declarations.
src/app/api/comics/[id]/route.ts(8,50): error TS2307: Cannot find module 'lib/validations' or its corresponding type declarations.
src/app/api/comics/route.ts(6,29): error TS2307: Cannot find module 'database/mutations/comics' or its corresponding type declarations.
src/app/api/comics/route.ts(7,30): error TS2307: Cannot find module 'database/queries/comics' or its corresponding type declarations.
src/app/api/comics/route.ts(8,54): error TS2307: Cannot find module 'lib/validations' or its corresponding type declarations.
src/app/api/comics/route.ts(12,35): error TS2307: Cannot find module 'types' or its corresponding type declarations.
src/app/api/comments/[id]/route.ts(6,46): error TS2307: Cannot find module 'database/mutations/comments' or its corresponding type declarations.
src/app/api/comments/[id]/route.ts(7,32): error TS2307: Cannot find module 'database/queries/comments' or its corresponding type declarations.
src/app/api/comments/[id]/route.ts(8,54): error TS2307: Cannot find module 'lib/validations' or its corresponding type declarations.
src/app/api/comments/route.ts(6,31): error TS2307: Cannot find module 'database/mutations/comments' or its corresponding type declarations.
src/app/api/comments/route.ts(7,38): error TS2307: Cannot find module 'database/queries/comments' or its corresponding type declarations.
src/app/api/comments/route.ts(8,46): error TS2307: Cannot find module 'lib/email' or its corresponding type declarations.
src/app/api/comments/route.ts(9,37): error TS2307: Cannot find module 'lib/validations' or its corresponding type declarations.
src/app/api/genres/[id]/route.ts(5,42): error TS2307: Cannot find module 'database/mutations/genres' or its corresponding type declarations.
src/app/api/genres/[id]/route.ts(6,30): error TS2307: Cannot find module 'database/queries/genres' or its corresponding type declarations.
src/app/api/genres/[id]/route.ts(12,8): error TS2307: Cannot find module 'lib/genericCrud' or its corresponding type declarations.
src/app/api/genres/[id]/route.ts(13,50): error TS2307: Cannot find module 'lib/validations' or its corresponding type declarations.
src/app/api/genres/route.ts(5,29): error TS2307: Cannot find module 'database/mutations/genres' or its corresponding type declarations.
src/app/api/genres/route.ts(6,30): error TS2307: Cannot find module 'database/queries/genres' or its corresponding type declarations.
src/app/api/genres/route.ts(7,79): error TS2307: Cannot find module 'lib/genericCrud' or its corresponding type declarations.
src/app/api/genres/route.ts(8,54): error TS2307: Cannot find module 'lib/validations' or its corresponding type declarations.
src/app/api/search/route.ts(5,44): error TS2307: Cannot find module 'lib/searchRefactored' or its corresponding type declarations.
src/app/api/search/route.ts(11,8): error TS2307: Cannot find module 'lib/searchRefactored' or its corresponding type declarations.
src/app/api/types/[id]/route.ts(5,40): error TS2307: Cannot find module 'database/mutations/types' or its corresponding type declarations.
src/app/api/types/[id]/route.ts(6,29): error TS2307: Cannot find module 'database/queries/types' or its corresponding type declarations.
src/app/api/types/[id]/route.ts(7,48): error TS2307: Cannot find module 'lib/validations' or its corresponding type declarations.
src/app/api/types/[id]/route.ts(14,8): error TS2307: Cannot find module '/app/apilib/generic-crud' or its corresponding type declarations.
src/app/api/types/route.ts(5,28): error TS2307: Cannot find module 'database/mutations/types' or its corresponding type declarations.
src/app/api/types/route.ts(6,29): error TS2307: Cannot find module 'database/queries/types' or its corresponding type declarations.
src/app/api/types/route.ts(7,79): error TS2307: Cannot find module 'lib/genericCrud' or its corresponding type declarations.
src/app/api/types/route.ts(8,52): error TS2307: Cannot find module 'lib/validations' or its corresponding type declarations.
src/app/api/upload/route.ts(5,23): error TS2307: Cannot find module '@/app-config' or its corresponding type declarations.
src/app/api/upload/route.ts(15,8): error TS2307: Cannot find module 'lib/imagekit' or its corresponding type declarations.
src/app/api/users/[id]/route.ts(6,40): error TS2307: Cannot find module 'database/mutations/users' or its corresponding type declarations.
src/app/api/users/[id]/route.ts(7,29): error TS2307: Cannot find module 'database/queries/users' or its corresponding type declarations.
src/app/api/users/[id]/route.ts(8,48): error TS2307: Cannot find module 'lib/validations' or its corresponding type declarations.
src/app/api/users/route.ts(7,28): error TS2307: Cannot find module 'database/mutations/users' or its corresponding type declarations.
src/app/api/users/route.ts(8,29): error TS2307: Cannot find module 'database/queries/users' or its corresponding type declarations.
src/app/api/users/route.ts(9,52): error TS2307: Cannot find module 'lib/validations' or its corresponding type declarations.
src/app/application-shell-01/page.tsx(22,53): error TS2307: Cannot find module 'ui/avatar' or its corresponding type declarations.
src/app/application-shell-01/page.tsx(30,8): error TS2307: Cannot find module 'ui/breadcrumb' or its corresponding type declarations.
src/app/application-shell-01/page.tsx(31,24): error TS2307: Cannot find module 'ui/button' or its corresponding type declarations.
src/app/application-shell-01/page.tsx(32,35): error TS2307: Cannot find module 'ui/card' or its corresponding type declarations.
src/app/application-shell-01/page.tsx(33,27): error TS2307: Cannot find module 'ui/separator' or its corresponding type declarations.
src/app/application-shell-01/page.tsx(46,8): error TS2307: Cannot find module 'ui/sidebar' or its corresponding type declarations.
src/app/application-shell-01/page.tsx(48,30): error TS2307: Cannot find module 'components/shadcn-studio/blocks/dropdown-language' or its corresponding type declarations.
src/app/application-shell-01/page.tsx(49,29): error TS2307: Cannot find module 'components/shadcn-studio/blocks/dropdown-profile' or its corresponding type declarations.
src/app/blog-component-01/page.tsx(1,18): error TS2307: Cannot find module 'components/shadcn-studio/blocks/blog-component-01/blog-component-01' or its corresponding type declarations.
src/app/dashboard-shell-01/page.tsx(25,53): error TS2307: Cannot find module 'ui/avatar' or its corresponding type declarations.
src/app/dashboard-shell-01/page.tsx(33,8): error TS2307: Cannot find module 'ui/breadcrumb' or its corresponding type declarations.
src/app/dashboard-shell-01/page.tsx(34,24): error TS2307: Cannot find module 'ui/button' or its corresponding type declarations.
src/app/dashboard-shell-01/page.tsx(35,22): error TS2307: Cannot find module 'ui/card' or its corresponding type declarations.
src/app/dashboard-shell-01/page.tsx(36,27): error TS2307: Cannot find module 'ui/separator' or its corresponding type declarations.
src/app/dashboard-shell-01/page.tsx(49,8): error TS2307: Cannot find module 'ui/sidebar' or its corresponding type declarations.
src/app/dashboard-shell-01/page.tsx(51,30): error TS2307: Cannot find module 'components/shadcn-studio/blocks/chart-sales-metrics' or its corresponding type declarations.
src/app/dashboard-shell-01/page.tsx(54,8): error TS2307: Cannot find module 'components/shadcn-studio/blocks/datatable-transaction' or its corresponding type declarations.
src/app/dashboard-shell-01/page.tsx(55,30): error TS2307: Cannot find module 'components/shadcn-studio/blocks/dropdown-language' or its corresponding type declarations.
src/app/dashboard-shell-01/page.tsx(56,29): error TS2307: Cannot find module 'components/shadcn-studio/blocks/dropdown-profile' or its corresponding type declarations.
src/app/dashboard-shell-01/page.tsx(57,28): error TS2307: Cannot find module 'components/shadcn-studio/blocks/statistics-card-01' or its corresponding type declarations.
src/app/dashboard-shell-01/page.tsx(58,33): error TS2307: Cannot find module 'components/shadcn-studio/blocks/widget-product-insights' or its corresponding type declarations.
src/app/dashboard-shell-01/page.tsx(59,30): error TS2307: Cannot find module 'components/shadcn-studio/blocks/widget-total-earning' or its corresponding type declarations.
src/app/dashboard/page.tsx(1,28): error TS2307: Cannot find module 'components/app-sidebar' or its corresponding type declarations.
src/app/dashboard/page.tsx(2,38): error TS2307: Cannot find module 'components/ChartAreaInteractive' or its corresponding type declarations.
src/app/dashboard/page.tsx(3,27): error TS2307: Cannot find module 'components/DataTable' or its corresponding type declarations.
src/app/dashboard/page.tsx(4,30): error TS2307: Cannot find module 'components/SectionCards' or its corresponding type declarations.
src/app/dashboard/page.tsx(5,28): error TS2307: Cannot find module 'components/SiteHeader' or its corresponding type declarations.
src/app/dashboard/page.tsx(6,47): error TS2307: Cannot find module 'ui/sidebar' or its corresponding type declarations.
src/app/dashboard/page.tsx(8,18): error TS2307: Cannot find module 'app/dashboard/data.json' or its corresponding type declarations.
src/app/footer-component-01/page.tsx(1,20): error TS2307: Cannot find module 'components/shadcn-studio/blocks/footer-component-01/footer-component-01' or its corresponding type declarations.
src/app/GlobalError.tsx(3,31): error TS2307: Cannot find module '@/app-config' or its corresponding type declarations.
src/app/GlobalError.tsx(7,24): error TS2307: Cannot find module 'ui/button' or its corresponding type declarations.
src/app/layout.tsx(5,27): error TS2307: Cannot find module '/app/Providers' or its corresponding type declarations.
src/app/login-page-01/page.tsx(1,19): error TS2307: Cannot find module 'components/shadcn-studio/blocks/login-page-01/login-page-01' or its corresponding type declarations.
src/app/navbar-component-01/page.tsx(1,20): error TS2307: Cannot find module 'components/shadcn-studio/blocks/navbar-component-01/navbar-component-01' or its corresponding type declarations.
src/app/Providers.tsx(9,35): error TS2307: Cannot find module 'ui/sonner' or its corresponding type declarations.
src/app/Providers.tsx(21,20): error TS2322: Type '{ expand: boolean; richColors: true; closeButton: true; }' is not assignable to type 'IntrinsicAttributes'.
  Property 'expand' does not exist on type 'IntrinsicAttributes'.
src/app/register-01/page.tsx(1,22): error TS2307: Cannot find module 'components/shadcn-studio/blocks/register-01/register-01' or its corresponding type declarations.
src/components/admin/AdminUsersOptimized.tsx(13,8): error TS2307: Cannot find module 'lib/validations' or its corresponding type declarations.
src/components/admin/AdminUsersOptimized.tsx(18,24): error TS2307: Cannot find module 'ui/button' or its corresponding type declarations.
src/components/admin/AdminUsersOptimized.tsx(26,8): error TS2307: Cannot find module 'ui/dialog' or its corresponding type declarations.
src/components/admin/AdminUsersOptimized.tsx(27,23): error TS2307: Cannot find module 'ui/input' or its corresponding type declarations.
src/components/admin/AdminUsersOptimized.tsx(28,23): error TS2307: Cannot find module 'ui/label' or its corresponding type declarations.
src/components/admin/AdminUsersOptimized.tsx(29,79): error TS2307: Cannot find module 'ui/select' or its corresponding type declarations.
src/components/admin/AdminUsersOptimized.tsx(30,27): error TS2307: Cannot find module '/typesdatabase' or its corresponding type declarations.
src/components/admin/BaseForm.tsx(9,24): error TS2307: Cannot find module 'ui/button' or its corresponding type declarations.
src/components/admin/BaseForm.tsx(18,8): error TS2307: Cannot find module 'ui/form' or its corresponding type declarations.
src/components/admin/BaseForm.tsx(19,23): error TS2307: Cannot find module 'ui/input' or its corresponding type declarations.
src/components/admin/BaseForm.tsx(20,79): error TS2307: Cannot find module 'ui/select' or its corresponding type declarations.
src/components/admin/BaseForm.tsx(21,24): error TS2307: Cannot find module 'ui/switch' or its corresponding type declarations.
src/components/admin/BaseForm.tsx(22,26): error TS2307: Cannot find module 'ui/textarea' or its corresponding type declarations.
src/components/admin/BaseForm.tsx(70,24): error TS2344: Type 'output<T>' does not satisfy the constraint 'FieldValues'.
  Type 'unknown' is not assignable to type 'FieldValues'.
src/components/admin/BaseForm.tsx(71,27): error TS2769: No overload matches this call.
  Overload 1 of 4, '(schema: Zod3Type<unknown, FieldValues>, schemaOptions?: ParseParams | undefined, resolverOptions?: NonRawResolverOptions | undefined): Resolver<...>', gave the following error.
    Argument of type 'T' is not assignable to parameter of type 'Zod3Type<unknown, FieldValues>'.
      Type 'ZodType<unknown, unknown, $ZodTypeInternals<unknown, unknown>>' is not assignable to type 'Zod3Type<unknown, FieldValues>'.
        Types of property '_input' are incompatible.
          Type 'unknown' is not assignable to type 'FieldValues'.
  Overload 2 of 4, '(schema: $ZodType<unknown, FieldValues, $ZodTypeInternals<unknown, FieldValues>>, schemaOptions?: ParseContext<$ZodIssue> | undefined, resolverOptions?: NonRawResolverOptions | undefined): Resolver<...>', gave the following error.
    Argument of type 'T' is not assignable to parameter of type '$ZodType<unknown, FieldValues, $ZodTypeInternals<unknown, FieldValues>>'.
      Type 'ZodType<unknown, unknown, $ZodTypeInternals<unknown, unknown>>' is not assignable to type '$ZodType<unknown, FieldValues, $ZodTypeInternals<unknown, FieldValues>>'.
        Types of property '_zod' are incompatible.
          Type '$ZodTypeInternals<unknown, unknown>' is not assignable to type '$ZodTypeInternals<unknown, FieldValues>'.
            Type 'unknown' is not assignable to type 'FieldValues'.
src/components/admin/BaseForm.tsx(85,79): error TS2344: Type 'output<T>' does not satisfy the constraint 'FieldValues'.
  Type 'unknown' is not assignable to type 'FieldValues'.
src/components/admin/BaseForm.tsx(230,37): error TS2345: Argument of type '(values: z.core.output<T>) => Promise<void>' is not assignable to parameter of type 'SubmitHandler<TFieldValues>'.
  Types of parameters 'values' and 'data' are incompatible.
    Type 'TFieldValues' is not assignable to type 'output<T>'.
      Type 'FieldValues' is not assignable to type 'output<T>'.
src/components/admin/BaseForm.tsx(236,51): error TS2345: Argument of type 'UseFormReturn<output<T>, any, TFieldValues>' is not assignable to parameter of type 'UseFormReturn<output<T>>'.
  Types of property 'handleSubmit' are incompatible.
    Type 'UseFormHandleSubmit<output<T>, TFieldValues>' is not assignable to type 'UseFormHandleSubmit<output<T>, output<T>>'.
      Types of parameters 'onValid' and 'onValid' are incompatible.
        Types of parameters 'data' and 'data' are incompatible.
          Type 'TFieldValues' is not assignable to type 'output<T>'.
            Type 'FieldValues' is not assignable to type 'output<T>'.
src/components/admin/ClientImageUploader.tsx(3,32): error TS2307: Cannot find module 'hooks/useImageUpload' or its corresponding type declarations.
src/components/admin/ClientImageUploader.tsx(7,24): error TS2307: Cannot find module 'ui/button' or its corresponding type declarations.
src/components/admin/ComicForm.tsx(4,32): error TS2307: Cannot find module 'hooks/useImageUpload' or its corresponding type declarations.
src/components/admin/ComicForm.tsx(5,33): error TS2307: Cannot find module 'lib/validations' or its corresponding type declarations.
src/components/admin/ComicForm.tsx(11,41): error TS2307: Cannot find module 'ui/alert' or its corresponding type declarations.
src/components/admin/ComicForm.tsx(12,24): error TS2307: Cannot find module 'ui/button' or its corresponding type declarations.
src/components/admin/ComicForm.tsx(13,75): error TS2307: Cannot find module 'ui/card' or its corresponding type declarations.
src/components/admin/ComicForm.tsx(22,8): error TS2307: Cannot find module 'ui/form' or its corresponding type declarations.
src/components/admin/ComicForm.tsx(23,23): error TS2307: Cannot find module 'ui/input' or its corresponding type declarations.
src/components/admin/ComicForm.tsx(24,79): error TS2307: Cannot find module 'ui/select' or its corresponding type declarations.
src/components/admin/ComicForm.tsx(25,26): error TS2307: Cannot find module 'ui/textarea' or its corresponding type declarations.
src/components/admin/ComicsListContent.tsx(3,29): error TS2307: Cannot find module 'components/admin/ComicsTable' or its corresponding type declarations.
src/components/admin/ComicsListContent.tsx(4,26): error TS2307: Cannot find module 'hooks/useToast' or its corresponding type declarations.
src/components/admin/ComicsListContent.tsx(9,24): error TS2307: Cannot find module 'ui/button' or its corresponding type declarations.
src/components/admin/ComicsListContent.tsx(10,58): error TS2307: Cannot find module 'ui/card' or its corresponding type declarations.
src/components/admin/ComicsListContent.tsx(11,23): error TS2307: Cannot find module 'ui/input' or its corresponding type declarations.
src/components/admin/ComicsListContent.tsx(12,47): error TS2307: Cannot find module '/app/admin/comics/actions' or its corresponding type declarations.
src/components/admin/ComicsTable.tsx(1,34): error TS2307: Cannot find module 'components/admin/ConfirmDialog' or its corresponding type declarations.
src/components/admin/ComicsTable.tsx(6,23): error TS2307: Cannot find module 'ui/badge' or its corresponding type declarations.
src/components/admin/ComicsTable.tsx(7,24): error TS2307: Cannot find module 'ui/button' or its corresponding type declarations.
src/components/admin/ComicsTable.tsx(8,75): error TS2307: Cannot find module 'ui/card' or its corresponding type declarations.
src/components/admin/ComicsTable.tsx(9,26): error TS2307: Cannot find module 'ui/checkbox' or its corresponding type declarations.
src/components/admin/ComicsTable.tsx(10,79): error TS2307: Cannot find module 'ui/table' or its corresponding type declarations.
src/components/admin/CommandMenu.tsx(13,8): error TS2307: Cannot find module 'ui/command' or its corresponding type declarations.
src/components/admin/ConfirmDialog.tsx(12,8): error TS2307: Cannot find module 'ui/AlertDialog' or its corresponding type declarations.
src/components/admin/DashboardCharts.tsx(18,58): error TS2307: Cannot find module 'ui/card' or its corresponding type declarations.
src/components/admin/DataTable.tsx(6,24): error TS2307: Cannot find module 'ui/button' or its corresponding type declarations.
src/components/admin/DataTable.tsx(14,8): error TS2307: Cannot find module 'ui/DropdownMenu' or its corresponding type declarations.
src/components/admin/DataTable.tsx(15,23): error TS2307: Cannot find module 'ui/input' or its corresponding type declarations.
src/components/admin/DataTable.tsx(16,79): error TS2307: Cannot find module 'ui/table' or its corresponding type declarations.
src/components/admin/EmptyState.tsx(2,24): error TS2307: Cannot find module 'ui/button' or its corresponding type declarations.
src/components/admin/EmptyState.tsx(3,35): error TS2307: Cannot find module 'ui/card' or its corresponding type declarations.
src/components/admin/EnhancedDataTable.tsx(20,24): error TS2307: Cannot find module 'ui/button' or its corresponding type declarations.
src/components/admin/EnhancedDataTable.tsx(21,26): error TS2307: Cannot find module 'ui/checkbox' or its corresponding type declarations.
src/components/admin/EnhancedDataTable.tsx(27,8): error TS2307: Cannot find module 'ui/DropdownMenu' or its corresponding type declarations.
src/components/admin/EnhancedDataTable.tsx(28,23): error TS2307: Cannot find module 'ui/input' or its corresponding type declarations.
src/components/admin/EnhancedDataTable.tsx(29,79): error TS2307: Cannot find module 'ui/table' or its corresponding type declarations.
src/components/admin/ImageUpload.tsx(7,32): error TS2307: Cannot find module 'hooks/useImageUpload' or its corresponding type declarations.
src/components/admin/ImageUpload.tsx(10,24): error TS2307: Cannot find module 'ui/button' or its corresponding type declarations.
src/components/admin/LoadingStates.tsx(1,47): error TS2307: Cannot find module 'ui/card' or its corresponding type declarations.
src/components/admin/LoadingStates.tsx(2,26): error TS2307: Cannot find module 'ui/skeleton' or its corresponding type declarations.
src/components/admin/LoadingStates.tsx(3,79): error TS2307: Cannot find module 'ui/table' or its corresponding type declarations.
src/components/admin/RichTextEditor.tsx(15,42): error TS2307: Cannot find module 'tiptap/react' or its corresponding type declarations.
src/components/admin/RichTextEditor.tsx(16,24): error TS2307: Cannot find module 'tiptap/starter-kit' or its corresponding type declarations.
src/components/admin/RichTextEditor.tsx(17,24): error TS2307: Cannot find module 'ui/button' or its corresponding type declarations.
src/components/admin/ThemeToggle.tsx(5,24): error TS2307: Cannot find module 'ui/button' or its corresponding type declarations.
src/components/admin/ThemeToggle.tsx(11,8): error TS2307: Cannot find module 'ui/DropdownMenu' or its corresponding type declarations.
src/components/app-sidebar.tsx(20,8): error TS2307: Cannot find module 'tabler/icons-react' or its corresponding type declarations.
src/components/app-sidebar.tsx(22,30): error TS2307: Cannot find module 'components/NavDocuments' or its corresponding type declarations.
src/components/app-sidebar.tsx(23,25): error TS2307: Cannot find module 'components/NavMain' or its corresponding type declarations.
src/components/app-sidebar.tsx(24,30): error TS2307: Cannot find module 'components/NavSecondary' or its corresponding type declarations.
src/components/app-sidebar.tsx(25,25): error TS2307: Cannot find module 'components/NavUser' or its corresponding type declarations.
src/components/app-sidebar.tsx(34,8): error TS2307: Cannot find module 'ui/sidebar' or its corresponding type declarations.
src/components/AppNavbar.tsx(9,24): error TS2307: Cannot find module 'ui/button' or its corresponding type declarations.
src/components/AppNavbar.tsx(10,23): error TS2307: Cannot find module 'ui/input' or its corresponding type declarations.
src/components/AppSidebar.tsx(3,29): error TS2307: Cannot find module 'components/admin/ThemeToggle' or its corresponding type declarations.
src/components/AppSidebar.tsx(27,8): error TS2307: Cannot find module 'ui/sidebar' or its corresponding type declarations.
src/components/auth/authForm.tsx(9,22): error TS2307: Cannot find module 'ui/form' or its corresponding type declarations.
src/components/auth/authForm.tsx(12,41): error TS2307: Cannot find module 'ui/alert' or its corresponding type declarations.
src/components/auth/authForm.tsx(13,24): error TS2307: Cannot find module 'ui/button' or its corresponding type declarations.
src/components/auth/authForm.tsx(14,87): error TS2307: Cannot find module 'ui/card' or its corresponding type declarations.
src/components/auth/authForm.tsx(61,5): error TS2322: Type 'Resolver<FieldValues, any, T>' is not assignable to type 'Resolver<T, any, T>'.
  Types of parameters 'options' and 'options' are incompatible.
    Type 'ResolverOptions<T>' is not assignable to type 'ResolverOptions<FieldValues>'.
      Type 'FieldValues' is not assignable to type 'T'.
        'FieldValues' is assignable to the constraint of type 'T', but 'T' could be instantiated with a different subtype of constraint 'FieldValues'.
src/components/auth/authForm.tsx(61,27): error TS2769: No overload matches this call.
  Overload 1 of 4, '(schema: Zod3Type<T, FieldValues>, schemaOptions?: ParseParams | undefined, resolverOptions?: NonRawResolverOptions | undefined): Resolver<...>', gave the following error.
    Argument of type 'ZodType<T, unknown, $ZodTypeInternals<T, unknown>>' is not assignable to parameter of type 'Zod3Type<T, FieldValues>'.
      Types of property '_input' are incompatible.
        Type 'unknown' is not assignable to type 'FieldValues'.
  Overload 2 of 4, '(schema: $ZodType<unknown, FieldValues, $ZodTypeInternals<unknown, FieldValues>>, schemaOptions?: ParseContext<$ZodIssue> | undefined, resolverOptions?: NonRawResolverOptions | undefined): Resolver<...>', gave the following error.
    Argument of type 'ZodType<T, unknown, $ZodTypeInternals<T, unknown>>' is not assignable to parameter of type '$ZodType<unknown, FieldValues, $ZodTypeInternals<unknown, FieldValues>>'.
      Types of property '_zod' are incompatible.
        Type '$ZodTypeInternals<T, unknown>' is not assignable to type '$ZodTypeInternals<unknown, FieldValues>'.
          Type 'unknown' is not assignable to type 'FieldValues'.
src/components/auth/authForm.tsx(67,26): error TS2345: Argument of type 'UseFormReturn<T, any, TFieldValues>' is not assignable to parameter of type 'UseFormReturn<T>'.
  Types of property 'handleSubmit' are incompatible.
    Type 'UseFormHandleSubmit<T, TFieldValues>' is not assignable to type 'UseFormHandleSubmit<T, T>'.
      Types of parameters 'onValid' and 'onValid' are incompatible.
        Types of parameters 'data' and 'data' are incompatible.
          Type 'TFieldValues' is not assignable to type 'T'.
            'TFieldValues' is assignable to the constraint of type 'T', but 'T' could be instantiated with a different subtype of constraint 'FieldValues'.
src/components/auth/authForm.tsx(80,43): error TS2345: Argument of type '(data: T) => Promise<void>' is not assignable to parameter of type 'SubmitHandler<TFieldValues>'.
  Types of parameters 'data' and 'data' are incompatible.
    Type 'TFieldValues' is not assignable to type 'T'.
      'TFieldValues' is assignable to the constraint of type 'T', but 'T' could be instantiated with a different subtype of constraint 'FieldValues'.
src/components/auth/emailField.tsx(4,74): error TS2307: Cannot find module 'ui/form' or its corresponding type declarations.
src/components/auth/emailField.tsx(5,23): error TS2307: Cannot find module 'ui/input' or its corresponding type declarations.
src/components/auth/nameField.tsx(4,74): error TS2307: Cannot find module 'ui/form' or its corresponding type declarations.
src/components/auth/nameField.tsx(5,23): error TS2307: Cannot find module 'ui/input' or its corresponding type declarations.
src/components/auth/passwordField.tsx(4,74): error TS2307: Cannot find module 'ui/form' or its corresponding type declarations.
src/components/auth/passwordField.tsx(5,31): error TS2307: Cannot find module 'ui/PasswordInput' or its corresponding type declarations.
src/components/BookmarkButton.tsx(6,34): error TS2307: Cannot find module 'stores/bookmarkStore' or its corresponding type declarations.
src/components/BookmarkButton.tsx(7,24): error TS2307: Cannot find module 'ui/button' or its corresponding type declarations.
src/components/ChapterReader.tsx(8,24): error TS2307: Cannot find module 'ui/button' or its corresponding type declarations.
src/components/ChapterReader.tsx(9,26): error TS2307: Cannot find module 'ui/skeleton' or its corresponding type declarations.
src/components/ChartAreaInteractive.tsx(5,87): error TS2307: Cannot find module 'ui/card' or its corresponding type declarations.
src/components/ChartAreaInteractive.tsx(6,34): error TS2307: Cannot find module 'ui/chart' or its corresponding type declarations.
src/components/ChartAreaInteractive.tsx(7,32): error TS2307: Cannot find module 'ui/chart' or its corresponding type declarations.
src/components/ChartAreaInteractive.tsx(8,79): error TS2307: Cannot find module 'ui/select' or its corresponding type declarations.
src/components/ChartAreaInteractive.tsx(9,46): error TS2307: Cannot find module 'ui/toggle-group' or its corresponding type declarations.
src/components/ChartAreaInteractive.tsx(10,29): error TS2307: Cannot find module '/hooks/use-mobile' or its corresponding type declarations.
src/components/ComicCard.tsx(6,28): error TS2307: Cannot find module 'types' or its corresponding type declarations.
src/components/ComicCard.tsx(7,23): error TS2307: Cannot find module 'ui/badge' or its corresponding type declarations.
src/components/ComicCard.tsx(8,47): error TS2307: Cannot find module 'ui/card' or its corresponding type declarations.
src/components/DataTable.tsx(20,53): error TS2307: Cannot find module 'dnd-kit/core' or its corresponding type declarations.
src/components/DataTable.tsx(29,8): error TS2307: Cannot find module 'dnd-kit/core' or its corresponding type declarations.
src/components/DataTable.tsx(30,40): error TS2307: Cannot find module 'dnd-kit/modifiers' or its corresponding type declarations.
src/components/DataTable.tsx(36,8): error TS2307: Cannot find module 'dnd-kit/sortable' or its corresponding type declarations.
src/components/DataTable.tsx(37,21): error TS2307: Cannot find module 'dnd-kit/utilities' or its corresponding type declarations.
src/components/DataTable.tsx(53,8): error TS2307: Cannot find module 'tabler/icons-react' or its corresponding type declarations.
src/components/DataTable.tsx(56,23): error TS2307: Cannot find module 'ui/badge' or its corresponding type declarations.
src/components/DataTable.tsx(57,24): error TS2307: Cannot find module 'ui/button' or its corresponding type declarations.
src/components/DataTable.tsx(58,34): error TS2307: Cannot find module 'ui/chart' or its corresponding type declarations.
src/components/DataTable.tsx(59,26): error TS2307: Cannot find module 'ui/checkbox' or its corresponding type declarations.
src/components/DataTable.tsx(69,8): error TS2307: Cannot find module 'ui/drawer' or its corresponding type declarations.
src/components/DataTable.tsx(77,8): error TS2307: Cannot find module 'ui/dropdown-menu' or its corresponding type declarations.
src/components/DataTable.tsx(78,23): error TS2307: Cannot find module 'ui/input' or its corresponding type declarations.
src/components/DataTable.tsx(79,23): error TS2307: Cannot find module 'ui/label' or its corresponding type declarations.
src/components/DataTable.tsx(80,79): error TS2307: Cannot find module 'ui/select' or its corresponding type declarations.
src/components/DataTable.tsx(81,27): error TS2307: Cannot find module 'ui/separator' or its corresponding type declarations.
src/components/DataTable.tsx(82,79): error TS2307: Cannot find module 'ui/table' or its corresponding type declarations.
src/components/DataTable.tsx(83,58): error TS2307: Cannot find module 'ui/tabs' or its corresponding type declarations.
src/components/DataTable.tsx(84,29): error TS2307: Cannot find module '/hooks/use-mobile' or its corresponding type declarations.
src/components/emails/AccountUpdatedEmail.tsx(18,8): error TS2307: Cannot find module 'react-emailcomponents' or its corresponding type declarations.
src/components/emails/CommentNotificationEmail.tsx(18,8): error TS2307: Cannot find module 'react-emailcomponents' or its corresponding type declarations.
src/components/emails/index.ts(5,48): error TS2307: Cannot find module 'emails/AccountUpdatedEmail' or its corresponding type declarations.
src/components/emails/index.ts(6,53): error TS2307: Cannot find module 'emails/CommentNotificationEmail' or its corresponding type declarations.
src/components/emails/index.ts(7,44): error TS2307: Cannot find module 'emails/NewChapterEmail' or its corresponding type declarations.
src/components/emails/index.ts(8,47): error TS2307: Cannot find module 'emails/PasswordResetEmail' or its corresponding type declarations.
src/components/emails/index.ts(9,46): error TS2307: Cannot find module 'emails/VerificationEmail' or its corresponding type declarations.
src/components/emails/index.ts(10,41): error TS2307: Cannot find module 'emails/WelcomeEmail' or its corresponding type declarations.
src/components/emails/NewChapterEmail.tsx(18,8): error TS2307: Cannot find module 'react-emailcomponents' or its corresponding type declarations.
src/components/emails/PasswordResetEmail.tsx(1,23): error TS2307: Cannot find module '@/app-config' or its corresponding type declarations.
src/components/emails/PasswordResetEmail.tsx(13,8): error TS2307: Cannot find module 'react-emailcomponents' or its corresponding type declarations.
src/components/emails/VerificationEmail.tsx(1,23): error TS2307: Cannot find module '@/app-config' or its corresponding type declarations.
src/components/emails/VerificationEmail.tsx(13,8): error TS2307: Cannot find module 'react-emailcomponents' or its corresponding type declarations.
src/components/emails/WelcomeEmail.tsx(1,23): error TS2307: Cannot find module '@/app-config' or its corresponding type declarations.
src/components/emails/WelcomeEmail.tsx(13,8): error TS2307: Cannot find module 'react-emailcomponents' or its corresponding type declarations.
src/components/Filters.tsx(6,23): error TS2307: Cannot find module 'ui/badge' or its corresponding type declarations.
src/components/Filters.tsx(7,24): error TS2307: Cannot find module 'ui/button' or its corresponding type declarations.
src/components/Filters.tsx(8,58): error TS2307: Cannot find module 'ui/card' or its corresponding type declarations.
src/components/Filters.tsx(9,23): error TS2307: Cannot find module 'ui/label' or its corresponding type declarations.
src/components/index.ts(5,10): error TS2305: Module '"./AppNavbar"' has no exported member 'default'.
src/components/index.ts(6,10): error TS2305: Module '"./BookmarkButton"' has no exported member 'default'.
src/components/index.ts(7,10): error TS2305: Module '"./ChapterReader"' has no exported member 'default'.
src/components/index.ts(9,10): error TS2305: Module '"./ComicCard"' has no exported member 'default'.
src/components/index.ts(11,10): error TS2305: Module '"./DataTable"' has no exported member 'default'.
src/components/index.ts(12,10): error TS2305: Module '"./Filters"' has no exported member 'default'.
src/components/index.ts(13,10): error TS2305: Module '"./Pagination"' has no exported member 'default'.
src/components/index.ts(22,15): error TS2307: Cannot find module './admin' or its corresponding type declarations.
src/components/LightRays.tsx(34,15): error TS1507: There is nothing available for repetition.
src/components/NavDocuments.tsx(3,72): error TS2307: Cannot find module 'tabler/icons-react' or its corresponding type declarations.
src/components/NavDocuments.tsx(11,8): error TS2307: Cannot find module 'ui/dropdown-menu' or its corresponding type declarations.
src/components/NavDocuments.tsx(20,8): error TS2307: Cannot find module 'ui/sidebar' or its corresponding type declarations.
src/components/NavMain.tsx(3,59): error TS2307: Cannot find module 'tabler/icons-react' or its corresponding type declarations.
src/components/NavMain.tsx(5,24): error TS2307: Cannot find module 'ui/button' or its corresponding type declarations.
src/components/NavMain.tsx(12,8): error TS2307: Cannot find module 'ui/sidebar' or its corresponding type declarations.
src/components/NavSecondary.tsx(4,27): error TS2307: Cannot find module 'tabler/icons-react' or its corresponding type declarations.
src/components/NavSecondary.tsx(12,8): error TS2307: Cannot find module 'ui/sidebar' or its corresponding type declarations.
src/components/NavUser.tsx(9,8): error TS2307: Cannot find module 'tabler/icons-react' or its corresponding type declarations.
src/components/NavUser.tsx(11,53): error TS2307: Cannot find module 'ui/avatar' or its corresponding type declarations.
src/components/NavUser.tsx(20,8): error TS2307: Cannot find module 'ui/dropdown-menu' or its corresponding type declarations.
src/components/NavUser.tsx(21,77): error TS2307: Cannot find module 'ui/sidebar' or its corresponding type declarations.
src/components/Pagination.tsx(5,24): error TS2307: Cannot find module 'ui/button' or its corresponding type declarations.
src/components/profile/ProfileManagement.tsx(11,53): error TS2307: Cannot find module 'ui/avatar' or its corresponding type declarations.
src/components/profile/ProfileManagement.tsx(12,35): error TS2307: Cannot find module 'ui/card' or its corresponding type declarations.
src/components/profile/ProfileManagement.tsx(13,58): error TS2307: Cannot find module 'ui/tabs' or its corresponding type declarations.
src/components/SectionCards.tsx(1,50): error TS2307: Cannot find module 'tabler/icons-react' or its corresponding type declarations.
src/components/SectionCards.tsx(3,23): error TS2307: Cannot find module 'ui/badge' or its corresponding type declarations.
src/components/SectionCards.tsx(4,86): error TS2307: Cannot find module 'ui/card' or its corresponding type declarations.
src/components/shadcn-studio/blocks/blog-component-01/blog-component-01.tsx(3,24): error TS2307: Cannot find module 'ui/button' or its corresponding type declarations.
src/components/shadcn-studio/blocks/blog-component-01/blog-component-01.tsx(4,87): error TS2307: Cannot find module 'ui/card' or its corresponding type declarations.
src/components/shadcn-studio/blocks/blog-component-01/BlogComponent01.tsx(3,24): error TS2307: Cannot find module 'ui/button' or its corresponding type declarations.
src/components/shadcn-studio/blocks/blog-component-01/BlogComponent01.tsx(4,87): error TS2307: Cannot find module 'ui/card' or its corresponding type declarations.
src/components/shadcn-studio/blocks/chart-sales-metrics.tsx(12,25): error TS2614: Module '"recharts"' has no exported member 'Label'. Did you mean to use 'import Label from "recharts"' instead?
src/components/shadcn-studio/blocks/chart-sales-metrics.tsx(14,40): error TS2307: Cannot find module 'ui/avatar' or its corresponding type declarations.
src/components/shadcn-studio/blocks/chart-sales-metrics.tsx(15,70): error TS2307: Cannot find module 'ui/card' or its corresponding type declarations.
src/components/shadcn-studio/blocks/chart-sales-metrics.tsx(16,85): error TS2307: Cannot find module 'ui/chart' or its corresponding type declarations.
src/components/shadcn-studio/blocks/chart-sales-metrics.tsx(148,32): error TS7030: Not all code paths return a value.
src/components/shadcn-studio/blocks/ChartSalesMetrics.tsx(13,25): error TS2614: Module '"recharts"' has no exported member 'Label'. Did you mean to use 'import Label from "recharts"' instead?
src/components/shadcn-studio/blocks/ChartSalesMetrics.tsx(15,40): error TS2307: Cannot find module 'ui/avatar' or its corresponding type declarations.
src/components/shadcn-studio/blocks/ChartSalesMetrics.tsx(16,70): error TS2307: Cannot find module 'ui/card' or its corresponding type declarations.
src/components/shadcn-studio/blocks/ChartSalesMetrics.tsx(17,34): error TS2307: Cannot find module 'ui/chart' or its corresponding type declarations.
src/components/shadcn-studio/blocks/ChartSalesMetrics.tsx(18,67): error TS2307: Cannot find module 'ui/chart' or its corresponding type declarations.
src/components/shadcn-studio/blocks/datatable-transaction.tsx(17,53): error TS2307: Cannot find module 'ui/avatar' or its corresponding type declarations.
src/components/shadcn-studio/blocks/datatable-transaction.tsx(18,23): error TS2307: Cannot find module 'ui/badge' or its corresponding type declarations.
src/components/shadcn-studio/blocks/datatable-transaction.tsx(19,24): error TS2307: Cannot find module 'ui/button' or its corresponding type declarations.
src/components/shadcn-studio/blocks/datatable-transaction.tsx(26,8): error TS2307: Cannot find module 'ui/dropdown-menu' or its corresponding type declarations.
src/components/shadcn-studio/blocks/datatable-transaction.tsx(27,83): error TS2307: Cannot find module 'ui/pagination' or its corresponding type declarations.
src/components/shadcn-studio/blocks/datatable-transaction.tsx(28,79): error TS2307: Cannot find module 'ui/table' or its corresponding type declarations.
src/components/shadcn-studio/blocks/datatable-transaction.tsx(30,31): error TS2307: Cannot find module '/hooks/use-pagination' or its corresponding type declarations.
src/components/shadcn-studio/blocks/DatatableTransaction.tsx(17,53): error TS2307: Cannot find module 'ui/avatar' or its corresponding type declarations.
src/components/shadcn-studio/blocks/DatatableTransaction.tsx(18,23): error TS2307: Cannot find module 'ui/badge' or its corresponding type declarations.
src/components/shadcn-studio/blocks/DatatableTransaction.tsx(19,24): error TS2307: Cannot find module 'ui/button' or its corresponding type declarations.
src/components/shadcn-studio/blocks/DatatableTransaction.tsx(26,8): error TS2307: Cannot find module 'ui/dropdown-menu' or its corresponding type declarations.
src/components/shadcn-studio/blocks/DatatableTransaction.tsx(27,83): error TS2307: Cannot find module 'ui/pagination' or its corresponding type declarations.
src/components/shadcn-studio/blocks/DatatableTransaction.tsx(28,79): error TS2307: Cannot find module 'ui/table' or its corresponding type declarations.
src/components/shadcn-studio/blocks/DatatableTransaction.tsx(30,31): error TS2307: Cannot find module 'hooks/use-pagination' or its corresponding type declarations.
src/components/shadcn-studio/blocks/dropdown-language.tsx(12,8): error TS2307: Cannot find module 'ui/dropdown-menu' or its corresponding type declarations.
src/components/shadcn-studio/blocks/dropdown-profile.tsx(13,53): error TS2307: Cannot find module 'ui/avatar' or its corresponding type declarations.
src/components/shadcn-studio/blocks/dropdown-profile.tsx(22,8): error TS2307: Cannot find module 'ui/dropdown-menu' or its corresponding type declarations.
src/components/shadcn-studio/blocks/DropdownLanguage.tsx(12,8): error TS2307: Cannot find module 'ui/dropdown-menu' or its corresponding type declarations.
src/components/shadcn-studio/blocks/DropdownProfile.tsx(13,53): error TS2307: Cannot find module 'ui/avatar' or its corresponding type declarations.
src/components/shadcn-studio/blocks/DropdownProfile.tsx(22,8): error TS2307: Cannot find module 'ui/dropdown-menu' or its corresponding type declarations.
src/components/shadcn-studio/blocks/footer-component-01/footer-component-01.tsx(3,27): error TS2307: Cannot find module 'ui/separator' or its corresponding type declarations.
src/components/shadcn-studio/blocks/footer-component-01/footer-component-01.tsx(5,18): error TS2307: Cannot find module '/assets/svg/logo' or its corresponding type declarations.
src/components/shadcn-studio/blocks/footer-component-01/FooterComponent01.tsx(3,27): error TS2307: Cannot find module 'ui/separator' or its corresponding type declarations.
src/components/shadcn-studio/blocks/footer-component-01/FooterComponent01.tsx(5,25): error TS2307: Cannot find module 'components/CurrentYear' or its corresponding type declarations.
src/components/shadcn-studio/blocks/footer-component-01/FooterComponent01.tsx(6,18): error TS2307: Cannot find module 'components/shadcn-studio/logo' or its corresponding type declarations.
src/components/shadcn-studio/blocks/login-page-01/login-form.tsx(7,24): error TS2307: Cannot find module 'ui/button' or its corresponding type declarations.
src/components/shadcn-studio/blocks/login-page-01/login-form.tsx(8,26): error TS2307: Cannot find module 'ui/checkbox' or its corresponding type declarations.
src/components/shadcn-studio/blocks/login-page-01/login-form.tsx(9,23): error TS2307: Cannot find module 'ui/input' or its corresponding type declarations.
src/components/shadcn-studio/blocks/login-page-01/login-form.tsx(10,23): error TS2307: Cannot find module 'ui/label' or its corresponding type declarations.
src/components/shadcn-studio/blocks/login-page-01/login-page-01.tsx(1,24): error TS2307: Cannot find module 'ui/button' or its corresponding type declarations.
src/components/shadcn-studio/blocks/login-page-01/login-page-01.tsx(2,75): error TS2307: Cannot find module 'ui/card' or its corresponding type declarations.
src/components/shadcn-studio/blocks/login-page-01/login-page-01.tsx(3,27): error TS2307: Cannot find module 'ui/separator' or its corresponding type declarations.
src/components/shadcn-studio/blocks/login-page-01/login-page-01.tsx(5,23): error TS2307: Cannot find module 'components/shadcn-studio/blocks/login-page-01/login-form' or its corresponding type declarations.
src/components/shadcn-studio/blocks/login-page-01/login-page-01.tsx(6,33): error TS2307: Cannot find module '/assets/svg/auth-background-shape' or its corresponding type declarations.
src/components/shadcn-studio/blocks/login-page-01/login-page-01.tsx(7,18): error TS2307: Cannot find module '/assets/svg/logo' or its corresponding type declarations.
src/components/shadcn-studio/blocks/login-page-01/LoginForm.tsx(7,24): error TS2307: Cannot find module 'ui/button' or its corresponding type declarations.
src/components/shadcn-studio/blocks/login-page-01/LoginForm.tsx(8,26): error TS2307: Cannot find module 'ui/checkbox' or its corresponding type declarations.
src/components/shadcn-studio/blocks/login-page-01/LoginForm.tsx(9,23): error TS2307: Cannot find module 'ui/input' or its corresponding type declarations.
src/components/shadcn-studio/blocks/login-page-01/LoginForm.tsx(10,23): error TS2307: Cannot find module 'ui/label' or its corresponding type declarations.
src/components/shadcn-studio/blocks/login-page-01/LoginPage01.tsx(1,24): error TS2307: Cannot find module 'ui/button' or its corresponding type declarations.
src/components/shadcn-studio/blocks/login-page-01/LoginPage01.tsx(2,75): error TS2307: Cannot find module 'ui/card' or its corresponding type declarations.
src/components/shadcn-studio/blocks/login-page-01/LoginPage01.tsx(3,27): error TS2307: Cannot find module 'ui/separator' or its corresponding type declarations.
src/components/shadcn-studio/blocks/login-page-01/LoginPage01.tsx(5,33): error TS2307: Cannot find module 'assets/svg/auth-background-shape' or its corresponding type declarations.
src/components/shadcn-studio/blocks/login-page-01/LoginPage01.tsx(6,23): error TS2307: Cannot find module 'components/shadcn-studio/blocks/login-page-01/login-form' or its corresponding type declarations.
src/components/shadcn-studio/blocks/login-page-01/LoginPage01.tsx(7,18): error TS2307: Cannot find module 'components/shadcn-studio/logo' or its corresponding type declarations.
src/components/shadcn-studio/blocks/navbar-component-01/navbar-component-01.tsx(3,24): error TS2307: Cannot find module 'ui/button' or its corresponding type declarations.
src/components/shadcn-studio/blocks/navbar-component-01/navbar-component-01.tsx(10,8): error TS2307: Cannot find module 'ui/dropdown-menu' or its corresponding type declarations.
src/components/shadcn-studio/blocks/navbar-component-01/navbar-component-01.tsx(12,18): error TS2307: Cannot find module '/assets/svg/logo' or its corresponding type declarations.
src/components/shadcn-studio/blocks/navbar-component-01/NavbarComponent01.tsx(3,24): error TS2307: Cannot find module 'ui/button' or its corresponding type declarations.
src/components/shadcn-studio/blocks/navbar-component-01/NavbarComponent01.tsx(10,8): error TS2307: Cannot find module 'ui/dropdown-menu' or its corresponding type declarations.
src/components/shadcn-studio/blocks/navbar-component-01/NavbarComponent01.tsx(12,18): error TS2307: Cannot find module 'components/shadcn-studio/logo' or its corresponding type declarations.
src/components/shadcn-studio/blocks/register-01/register-01.tsx(1,24): error TS2307: Cannot find module 'ui/button' or its corresponding type declarations.
src/components/shadcn-studio/blocks/register-01/register-01.tsx(2,75): error TS2307: Cannot find module 'ui/card' or its corresponding type declarations.
src/components/shadcn-studio/blocks/register-01/register-01.tsx(3,27): error TS2307: Cannot find module 'ui/separator' or its corresponding type declarations.
src/components/shadcn-studio/blocks/register-01/register-01.tsx(5,26): error TS2307: Cannot find module 'components/shadcn-studio/blocks/register-01/register-form' or its corresponding type declarations.
src/components/shadcn-studio/blocks/register-01/register-01.tsx(6,33): error TS2307: Cannot find module '/assets/svg/auth-background-shape' or its corresponding type declarations.
src/components/shadcn-studio/blocks/register-01/register-01.tsx(7,18): error TS2307: Cannot find module '/assets/svg/logo' or its corresponding type declarations.
src/components/shadcn-studio/blocks/register-01/register-form.tsx(7,24): error TS2307: Cannot find module 'ui/button' or its corresponding type declarations.
src/components/shadcn-studio/blocks/register-01/register-form.tsx(8,26): error TS2307: Cannot find module 'ui/checkbox' or its corresponding type declarations.
src/components/shadcn-studio/blocks/register-01/register-form.tsx(9,23): error TS2307: Cannot find module 'ui/input' or its corresponding type declarations.
src/components/shadcn-studio/blocks/register-01/register-form.tsx(10,23): error TS2307: Cannot find module 'ui/label' or its corresponding type declarations.
src/components/shadcn-studio/blocks/register-01/Register01.tsx(1,24): error TS2307: Cannot find module 'ui/button' or its corresponding type declarations.
src/components/shadcn-studio/blocks/register-01/Register01.tsx(2,75): error TS2307: Cannot find module 'ui/card' or its corresponding type declarations.
src/components/shadcn-studio/blocks/register-01/Register01.tsx(3,27): error TS2307: Cannot find module 'ui/separator' or its corresponding type declarations.
src/components/shadcn-studio/blocks/register-01/Register01.tsx(5,33): error TS2307: Cannot find module 'assets/svg/auth-background-shape' or its corresponding type declarations.
src/components/shadcn-studio/blocks/register-01/Register01.tsx(6,26): error TS2307: Cannot find module 'components/shadcn-studio/blocks/register-01/register-form' or its corresponding type declarations.
src/components/shadcn-studio/blocks/register-01/Register01.tsx(7,18): error TS2307: Cannot find module 'components/shadcn-studio/logo' or its corresponding type declarations.
src/components/shadcn-studio/blocks/register-01/RegisterForm.tsx(7,24): error TS2307: Cannot find module 'ui/button' or its corresponding type declarations.
src/components/shadcn-studio/blocks/register-01/RegisterForm.tsx(8,26): error TS2307: Cannot find module 'ui/checkbox' or its corresponding type declarations.
src/components/shadcn-studio/blocks/register-01/RegisterForm.tsx(9,23): error TS2307: Cannot find module 'ui/input' or its corresponding type declarations.
src/components/shadcn-studio/blocks/register-01/RegisterForm.tsx(10,23): error TS2307: Cannot find module 'ui/label' or its corresponding type declarations.
src/components/shadcn-studio/blocks/statistics-card-01.tsx(3,47): error TS2307: Cannot find module 'ui/card' or its corresponding type declarations.
src/components/shadcn-studio/blocks/StatisticsCard01.tsx(3,47): error TS2307: Cannot find module 'ui/card' or its corresponding type declarations.
src/components/shadcn-studio/blocks/widget-product-insights.tsx(5,47): error TS2307: Cannot find module 'ui/card' or its corresponding type declarations.
src/components/shadcn-studio/blocks/widget-product-insights.tsx(6,50): error TS2307: Cannot find module 'ui/chart' or its corresponding type declarations.
src/components/shadcn-studio/blocks/widget-product-insights.tsx(7,27): error TS2307: Cannot find module 'ui/separator' or its corresponding type declarations.
src/components/shadcn-studio/blocks/widget-total-earning.tsx(3,40): error TS2307: Cannot find module 'ui/avatar' or its corresponding type declarations.
src/components/shadcn-studio/blocks/widget-total-earning.tsx(4,24): error TS2307: Cannot find module 'ui/button' or its corresponding type declarations.
src/components/shadcn-studio/blocks/widget-total-earning.tsx(5,47): error TS2307: Cannot find module 'ui/card' or its corresponding type declarations.
src/components/shadcn-studio/blocks/widget-total-earning.tsx(12,8): error TS2307: Cannot find module 'ui/dropdown-menu' or its corresponding type declarations.
src/components/shadcn-studio/blocks/widget-total-earning.tsx(13,26): error TS2307: Cannot find module 'ui/progress' or its corresponding type declarations.
src/components/shadcn-studio/blocks/WidgetProductInsights.tsx(5,47): error TS2307: Cannot find module 'ui/card' or its corresponding type declarations.
src/components/shadcn-studio/blocks/WidgetProductInsights.tsx(6,34): error TS2307: Cannot find module 'ui/chart' or its corresponding type declarations.
src/components/shadcn-studio/blocks/WidgetProductInsights.tsx(7,32): error TS2307: Cannot find module 'ui/chart' or its corresponding type declarations.
src/components/shadcn-studio/blocks/WidgetProductInsights.tsx(8,27): error TS2307: Cannot find module 'ui/separator' or its corresponding type declarations.
src/components/shadcn-studio/blocks/WidgetTotalEarning.tsx(3,40): error TS2307: Cannot find module 'ui/avatar' or its corresponding type declarations.
src/components/shadcn-studio/blocks/WidgetTotalEarning.tsx(4,24): error TS2307: Cannot find module 'ui/button' or its corresponding type declarations.
src/components/shadcn-studio/blocks/WidgetTotalEarning.tsx(5,47): error TS2307: Cannot find module 'ui/card' or its corresponding type declarations.
src/components/shadcn-studio/blocks/WidgetTotalEarning.tsx(12,8): error TS2307: Cannot find module 'ui/dropdown-menu' or its corresponding type declarations.
src/components/shadcn-studio/blocks/WidgetTotalEarning.tsx(13,26): error TS2307: Cannot find module 'ui/progress' or its corresponding type declarations.
src/components/shadcn-studio/data-table/data-table-04.tsx(25,53): error TS2307: Cannot find module 'ui/avatar' or its corresponding type declarations.
src/components/shadcn-studio/data-table/data-table-04.tsx(26,23): error TS2307: Cannot find module 'ui/badge' or its corresponding type declarations.
src/components/shadcn-studio/data-table/data-table-04.tsx(27,26): error TS2307: Cannot find module 'ui/checkbox' or its corresponding type declarations.
src/components/shadcn-studio/data-table/data-table-04.tsx(28,23): error TS2307: Cannot find module 'ui/input' or its corresponding type declarations.
src/components/shadcn-studio/data-table/data-table-04.tsx(29,23): error TS2307: Cannot find module 'ui/label' or its corresponding type declarations.
src/components/shadcn-studio/data-table/data-table-04.tsx(30,79): error TS2307: Cannot find module 'ui/select' or its corresponding type declarations.
src/components/shadcn-studio/data-table/data-table-04.tsx(31,79): error TS2307: Cannot find module 'ui/table' or its corresponding type declarations.
src/components/shadcn-studio/data-table/data-table-04.tsx(35,16): error TS2664: Invalid module name in augmentation, module 'tanstack/react-table' cannot be found.
src/components/shadcn-studio/data-table/data-table-04.tsx(298,11): error TS2339: Property 'filterVariant' does not exist on type 'ColumnMeta<any, unknown>'.
src/components/shadcn-studio/data-table/DataTable04.tsx(25,53): error TS2307: Cannot find module 'ui/avatar' or its corresponding type declarations.
src/components/shadcn-studio/data-table/DataTable04.tsx(26,23): error TS2307: Cannot find module 'ui/badge' or its corresponding type declarations.
src/components/shadcn-studio/data-table/DataTable04.tsx(27,26): error TS2307: Cannot find module 'ui/checkbox' or its corresponding type declarations.
src/components/shadcn-studio/data-table/DataTable04.tsx(28,23): error TS2307: Cannot find module 'ui/input' or its corresponding type declarations.
src/components/shadcn-studio/data-table/DataTable04.tsx(29,23): error TS2307: Cannot find module 'ui/label' or its corresponding type declarations.
src/components/shadcn-studio/data-table/DataTable04.tsx(30,79): error TS2307: Cannot find module 'ui/select' or its corresponding type declarations.
src/components/shadcn-studio/data-table/DataTable04.tsx(31,79): error TS2307: Cannot find module 'ui/table' or its corresponding type declarations.
src/components/shadcn-studio/data-table/DataTable04.tsx(35,16): error TS2664: Invalid module name in augmentation, module 'tanstack/react-table' cannot be found.
src/components/shadcn-studio/data-table/DataTable04.tsx(313,11): error TS2339: Property 'filterVariant' does not exist on type 'ColumnMeta<any, unknown>'.
src/components/shadcn-studio/logo.tsx(1,21): error TS2307: Cannot find module '/assets/svg/logo' or its corresponding type declarations.
src/components/SiteHeader.tsx(1,24): error TS2307: Cannot find module 'ui/button' or its corresponding type declarations.
src/components/SiteHeader.tsx(2,27): error TS2307: Cannot find module 'ui/separator' or its corresponding type declarations.
src/components/SiteHeader.tsx(3,32): error TS2307: Cannot find module 'ui/sidebar' or its corresponding type declarations.
src/components/ui/ActionButton.tsx(15,8): error TS2307: Cannot find module 'ui/alert-dialog' or its corresponding type declarations.
src/components/ui/ActionButton.tsx(16,24): error TS2307: Cannot find module 'ui/button' or its corresponding type declarations.
src/components/ui/ActionButton.tsx(17,29): error TS2307: Cannot find module 'ui/loading-swap' or its corresponding type declarations.
src/components/ui/alert-dialog.tsx(1,15): error TS2307: Cannot find module 'ui/AlertDialog' or its corresponding type declarations.
src/components/ui/AlertDialog.tsx(3,39): error TS2307: Cannot find module 'radix-ui/react-alert-dialog' or its corresponding type declarations.
src/components/ui/AlertDialog.tsx(6,32): error TS2307: Cannot find module 'ui/button' or its corresponding type declarations.
src/components/ui/AspectRatio.tsx(3,39): error TS2307: Cannot find module 'radix-ui/react-aspect-ratio' or its corresponding type declarations.
src/components/ui/ButtonGroup.tsx(4,27): error TS2307: Cannot find module 'ui/separator' or its corresponding type declarations.
src/components/ui/calendar.tsx(7,40): error TS2307: Cannot find module 'ui/button' or its corresponding type declarations.
src/components/ui/carousel.tsx(7,24): error TS2307: Cannot find module 'ui/button' or its corresponding type declarations.
src/components/ui/chart.tsx(244,26): error TS2694: Namespace '"recharts"' has no exported member 'LegendProps'.
src/components/ui/command.tsx(7,85): error TS2307: Cannot find module 'ui/dialog' or its corresponding type declarations.
src/components/ui/ContextMenu.tsx(4,39): error TS2307: Cannot find module 'radix-ui/react-context-menu' or its corresponding type declarations.
src/components/ui/dropdown-menu.tsx(4,40): error TS2307: Cannot find module 'radix-ui/react-dropdown-menu' or its corresponding type declarations.
src/components/ui/DropdownMenu.tsx(4,40): error TS2307: Cannot find module 'radix-ui/react-dropdown-menu' or its corresponding type declarations.
src/components/ui/field.tsx(6,23): error TS2307: Cannot find module 'ui/label' or its corresponding type declarations.
src/components/ui/field.tsx(7,27): error TS2307: Cannot find module 'ui/separator' or its corresponding type declarations.
src/components/ui/form.tsx(16,23): error TS2307: Cannot find module 'ui/label' or its corresponding type declarations.
src/components/ui/HoverCard.tsx(3,37): error TS2307: Cannot find module 'radix-ui/react-hover-card' or its corresponding type declarations.
src/components/ui/index.ts(37,15): error TS2307: Cannot find module './scroll-area' or its corresponding type declarations.
src/components/ui/input-group.tsx(1,15): error TS2307: Cannot find module 'ui/InputGroup' or its corresponding type declarations.
src/components/ui/InputGroup.tsx(6,24): error TS2307: Cannot find module 'ui/button' or its corresponding type declarations.
src/components/ui/InputGroup.tsx(7,23): error TS2307: Cannot find module 'ui/input' or its corresponding type declarations.
src/components/ui/InputGroup.tsx(8,26): error TS2307: Cannot find module 'ui/textarea' or its corresponding type declarations.
src/components/ui/item.tsx(5,27): error TS2307: Cannot find module 'ui/separator' or its corresponding type declarations.
src/components/ui/loading-swap.tsx(1,15): error TS2307: Cannot find module 'ui/LoadingSwap' or its corresponding type declarations.
src/components/ui/MultiSelect.tsx(14,23): error TS2307: Cannot find module 'ui/badge' or its corresponding type declarations.
src/components/ui/MultiSelect.tsx(15,24): error TS2307: Cannot find module 'ui/button' or its corresponding type declarations.
src/components/ui/MultiSelect.tsx(24,8): error TS2307: Cannot find module 'ui/command' or its corresponding type declarations.
src/components/ui/MultiSelect.tsx(25,57): error TS2307: Cannot find module 'ui/popover' or its corresponding type declarations.
src/components/ui/navigation-menu.tsx(1,15): error TS2307: Cannot find module 'ui/NavigationMenu' or its corresponding type declarations.
src/components/ui/NavigationMenu.tsx(3,42): error TS2307: Cannot find module 'radix-ui/react-navigation-menu' or its corresponding type declarations.
src/components/ui/NumberInput.tsx(2,23): error TS2307: Cannot find module 'ui/input' or its corresponding type declarations.
src/components/ui/pagination.tsx(4,45): error TS2307: Cannot find module 'ui/button' or its corresponding type declarations.
src/components/ui/pagination.tsx(60,7): error TS2783: 'size' is specified more than once, so this usage will be overwritten.
src/components/ui/pagination.tsx(74,7): error TS2783: 'size' is specified more than once, so this usage will be overwritten.
src/components/ui/PasswordInput.tsx(15,23): error TS2307: Cannot find module 'ui/input' or its corresponding type declarations.
src/components/ui/PasswordInput.tsx(16,80): error TS2307: Cannot find module 'ui/input-group' or its corresponding type declarations.
src/components/ui/PasswordInput.tsx(17,57): error TS2307: Cannot find module 'ui/tooltip' or its corresponding type declarations.
src/components/ui/radio-group.tsx(1,15): error TS2307: Cannot find module 'ui/RadioGroup' or its corresponding type declarations.
src/components/ui/RadioGroup.tsx(4,38): error TS2307: Cannot find module 'radix-ui/react-radio-group' or its corresponding type declarations.
src/components/ui/ScrollArea.tsx(3,38): error TS2307: Cannot find module 'radix-ui/react-scroll-area' or its corresponding type declarations.
src/components/ui/shadcn-io/announcement/index.tsx(2,23): error TS2307: Cannot find module 'ui/badge' or its corresponding type declarations.
src/components/ui/shadcn-io/avatar-group/index.tsx(9,65): error TS2307: Cannot find module 'ui/tooltip' or its corresponding type declarations.
src/components/ui/shadcn-io/choicebox/index.tsx(6,75): error TS2307: Cannot find module 'ui/card' or its corresponding type declarations.
src/components/ui/shadcn-io/choicebox/index.tsx(7,28): error TS2307: Cannot find module 'ui/radio-group' or its corresponding type declarations.
src/components/ui/shadcn-io/choicebox/index.tsx(19,4): error TS2741: Property 'value' is missing in type '{ children: Element; asChild: true; className: string; }' but required in type 'RadioGroupItemProps'.
src/components/ui/shadcn-io/color-picker/index.tsx(18,24): error TS2307: Cannot find module 'ui/button' or its corresponding type declarations.
src/components/ui/shadcn-io/color-picker/index.tsx(19,23): error TS2307: Cannot find module 'ui/input' or its corresponding type declarations.
src/components/ui/shadcn-io/color-picker/index.tsx(20,79): error TS2307: Cannot find module 'ui/select' or its corresponding type declarations.
src/components/ui/shadcn-io/color-picker/index.tsx(66,48): error TS2339: Property 'hue' does not exist on type 'Color'.
src/components/ui/shadcn-io/color-picker/index.tsx(66,70): error TS2339: Property 'hue' does not exist on type 'Color'.
src/components/ui/shadcn-io/color-picker/index.tsx(68,19): error TS2339: Property 'saturationl' does not exist on type 'Color'.
src/components/ui/shadcn-io/color-picker/index.tsx(68,49): error TS2339: Property 'saturationl' does not exist on type 'Color'.
src/components/ui/shadcn-io/color-picker/index.tsx(71,19): error TS2339: Property 'lightness' does not exist on type 'Color'.
src/components/ui/shadcn-io/color-picker/index.tsx(71,47): error TS2339: Property 'lightness' does not exist on type 'Color'.
src/components/ui/shadcn-io/color-picker/index.tsx(73,52): error TS2339: Property 'alpha' does not exist on type 'Color'.
src/components/ui/shadcn-io/color-picker/index.tsx(73,82): error TS2339: Property 'alpha' does not exist on type 'Color'.
src/components/ui/shadcn-io/color-picker/index.tsx(83,15): error TS2571: Object is of type 'unknown'.
src/components/ui/shadcn-io/color-picker/index.tsx(93,23): error TS2339: Property 'hue' does not exist on type 'Color'.
src/components/ui/shadcn-io/color-picker/index.tsx(94,30): error TS2339: Property 'saturationl' does not exist on type 'Color'.
src/components/ui/shadcn-io/color-picker/index.tsx(95,29): error TS2339: Property 'lightness' does not exist on type 'Color'.
src/components/ui/shadcn-io/color-picker/index.tsx(96,26): error TS2339: Property 'alpha' does not exist on type 'Color'.
src/components/ui/shadcn-io/color-picker/index.tsx(109,20): error TS2352: Conversion of type '(input?: any) => Color' to type 'Record<string, unknown>' may be a mistake because neither type sufficiently overlaps with the other. If this was intentional, convert the expression to 'unknown' first.
  Index signature for type 'string' is missing in type '(input?: any) => Color'.
src/components/ui/shadcn-io/color-picker/index.tsx(110,13): error TS2571: Object is of type 'unknown'.
src/components/ui/shadcn-io/color-picker/index.tsx(110,14): error TS2352: Conversion of type '(input?: any) => Color' to type 'Record<string, unknown>' may be a mistake because neither type sufficiently overlaps with the other. If this was intentional, convert the expression to 'unknown' first.
  Index signature for type 'string' is missing in type '(input?: any) => Color'.
src/components/ui/shadcn-io/color-picker/index.tsx(111,19): error TS2339: Property 'hsl' does not exist on type '(input?: any) => Color'.
src/components/ui/shadcn-io/color-picker/index.tsx(309,30): error TS2552: Cannot find name 'EyeDropper'. Did you mean 'eyeDropper'?
src/components/ui/shadcn-io/color-picker/index.tsx(312,31): error TS2339: Property 'hsl' does not exist on type 'Color'.
src/components/ui/shadcn-io/color-picker/index.tsx(389,23): error TS2339: Property 'hsl' does not exist on type '(input?: any) => Color'.
src/components/ui/shadcn-io/combobox/index.tsx(4,38): error TS2307: Cannot find module 'radix-ui/react-use-controllable-state' or its corresponding type declarations.
src/components/ui/shadcn-io/combobox/index.tsx(7,24): error TS2307: Cannot find module 'ui/button' or its corresponding type declarations.
src/components/ui/shadcn-io/combobox/index.tsx(16,8): error TS2307: Cannot find module 'ui/command' or its corresponding type declarations.
src/components/ui/shadcn-io/combobox/index.tsx(17,57): error TS2307: Cannot find module 'ui/popover' or its corresponding type declarations.
src/components/ui/shadcn-io/dropzone/index.tsx(9,24): error TS2307: Cannot find module 'ui/button' or its corresponding type declarations.
src/components/ui/shadcn-io/image-crop/index.tsx(16,24): error TS2307: Cannot find module 'ui/button' or its corresponding type declarations.
src/components/ui/shadcn-io/list/index.tsx(3,35): error TS2307: Cannot find module 'dnd-kit/core' or its corresponding type declarations.
src/components/ui/shadcn-io/list/index.tsx(4,74): error TS2307: Cannot find module 'dnd-kit/core' or its corresponding type declarations.
src/components/ui/shadcn-io/list/index.tsx(5,40): error TS2307: Cannot find module 'dnd-kit/modifiers' or its corresponding type declarations.
src/components/ui/shadcn-io/list/index.tsx(9,35): error TS2307: Cannot find module 'dnd-kit/core' or its corresponding type declarations.
src/components/ui/shadcn-io/mini-calendar/index.tsx(6,38): error TS2307: Cannot find module 'radix-ui/react-use-controllable-state' or its corresponding type declarations.
src/components/ui/shadcn-io/mini-calendar/index.tsx(15,24): error TS2307: Cannot find module 'ui/button' or its corresponding type declarations.
src/components/ui/shadcn-io/navbar-05/index.tsx(6,53): error TS2307: Cannot find module 'ui/avatar' or its corresponding type declarations.
src/components/ui/shadcn-io/navbar-05/index.tsx(7,23): error TS2307: Cannot find module 'ui/badge' or its corresponding type declarations.
src/components/ui/shadcn-io/navbar-05/index.tsx(8,24): error TS2307: Cannot find module 'ui/button' or its corresponding type declarations.
src/components/ui/shadcn-io/navbar-05/index.tsx(16,8): error TS2307: Cannot find module 'ui/dropdown-menu' or its corresponding type declarations.
src/components/ui/shadcn-io/navbar-05/index.tsx(22,8): error TS2307: Cannot find module 'ui/navigation-menu' or its corresponding type declarations.
src/components/ui/shadcn-io/navbar-05/index.tsx(23,57): error TS2307: Cannot find module 'ui/popover' or its corresponding type declarations.
src/components/ui/shadcn-io/pill/index.tsx(3,53): error TS2307: Cannot find module 'ui/avatar' or its corresponding type declarations.
src/components/ui/shadcn-io/pill/index.tsx(4,23): error TS2307: Cannot find module 'ui/badge' or its corresponding type declarations.
src/components/ui/shadcn-io/pill/index.tsx(5,24): error TS2307: Cannot find module 'ui/button' or its corresponding type declarations.
src/components/ui/shadcn-io/relative-time/index.tsx(3,38): error TS2307: Cannot find module 'radix-ui/react-use-controllable-state' or its corresponding type declarations.
src/components/ui/shadcn-io/table/index.tsx(21,24): error TS2307: Cannot find module 'ui/button' or its corresponding type declarations.
src/components/ui/shadcn-io/table/index.tsx(27,8): error TS2307: Cannot find module 'ui/dropdown-menu' or its corresponding type declarations.
src/components/ui/shadcn-io/table/index.tsx(35,8): error TS2307: Cannot find module 'ui/table' or its corresponding type declarations.
src/components/ui/shadcn-io/table/index.tsx(73,26): error TS2349: This expression is not callable.
  Not all constituents of type 'Updater<SortingState>' are callable.
    Type 'SortingState' has no call signatures.
src/components/ui/shadcn-io/tags/index.tsx(3,23): error TS2307: Cannot find module 'ui/badge' or its corresponding type declarations.
src/components/ui/shadcn-io/tags/index.tsx(4,24): error TS2307: Cannot find module 'ui/button' or its corresponding type declarations.
src/components/ui/shadcn-io/tags/index.tsx(12,8): error TS2307: Cannot find module 'ui/command' or its corresponding type declarations.
src/components/ui/shadcn-io/tags/index.tsx(13,57): error TS2307: Cannot find module 'ui/popover' or its corresponding type declarations.
src/components/ui/sidebar.tsx(8,24): error TS2307: Cannot find module 'ui/button' or its corresponding type declarations.
src/components/ui/sidebar.tsx(9,23): error TS2307: Cannot find module 'ui/input' or its corresponding type declarations.
src/components/ui/sidebar.tsx(10,27): error TS2307: Cannot find module 'ui/separator' or its corresponding type declarations.
src/components/ui/sidebar.tsx(11,80): error TS2307: Cannot find module 'ui/sheet' or its corresponding type declarations.
src/components/ui/sidebar.tsx(12,26): error TS2307: Cannot find module 'ui/skeleton' or its corresponding type declarations.
src/components/ui/sidebar.tsx(13,74): error TS2307: Cannot find module 'ui/tooltip' or its corresponding type declarations.
src/components/ui/sidebar.tsx(15,29): error TS2307: Cannot find module '/hooks/use-mobile' or its corresponding type declarations.
src/components/ui/skeletons.tsx(1,26): error TS2307: Cannot find module 'ui/skeleton' or its corresponding type declarations.
src/components/ui/toggle-group.tsx(1,15): error TS2307: Cannot find module 'ui/ToggleGroup' or its corresponding type declarations.
src/components/ui/ToggleGroup.tsx(4,39): error TS2307: Cannot find module 'radix-ui/react-toggle-group' or its corresponding type declarations.
src/components/ui/ToggleGroup.tsx(7,32): error TS2307: Cannot find module 'ui/toggle' or its corresponding type declarations.
src/dal/artistDal.ts(8,24): error TS2307: Cannot find module 'lib/logger' or its corresponding type declarations.
src/dal/artistDal.ts(10,29): error TS2307: Cannot find module '/typesdatabase' or its corresponding type declarations.
src/dal/authorDal.ts(8,24): error TS2307: Cannot find module 'lib/logger' or its corresponding type declarations.
src/dal/authorDal.ts(10,29): error TS2307: Cannot find module '/typesdatabase' or its corresponding type declarations.
src/dal/bookmarkDal.ts(8,24): error TS2307: Cannot find module 'lib/logger' or its corresponding type declarations.
src/dal/bookmarkDal.ts(10,31): error TS2307: Cannot find module '/typesdatabase' or its corresponding type declarations.
src/dal/chapterDal.ts(8,24): error TS2307: Cannot find module 'lib/logger' or its corresponding type declarations.
src/dal/chapterDal.ts(10,30): error TS2307: Cannot find module '/typesdatabase' or its corresponding type declarations.
src/dal/comicDal.ts(8,24): error TS2307: Cannot find module 'lib/logger' or its corresponding type declarations.
src/dal/comicDal.ts(10,28): error TS2307: Cannot find module '/typesdatabase' or its corresponding type declarations.
src/dal/commentDal.ts(8,24): error TS2307: Cannot find module 'lib/logger' or its corresponding type declarations.
src/dal/commentDal.ts(10,30): error TS2307: Cannot find module '/typesdatabase' or its corresponding type declarations.
src/dal/genreDal.ts(8,24): error TS2307: Cannot find module 'lib/logger' or its corresponding type declarations.
src/dal/genreDal.ts(10,28): error TS2307: Cannot find module '/typesdatabase' or its corresponding type declarations.
src/dal/index.ts(5,38): error TS2307: Cannot find module 'dal/artistDal' or its corresponding type declarations.
src/dal/index.ts(6,38): error TS2307: Cannot find module 'dal/authorDal' or its corresponding type declarations.
src/dal/index.ts(7,42): error TS2307: Cannot find module 'dal/bookmarkDal' or its corresponding type declarations.
src/dal/index.ts(8,40): error TS2307: Cannot find module 'dal/chapterDal' or its corresponding type declarations.
src/dal/index.ts(9,36): error TS2307: Cannot find module 'dal/comicDal' or its corresponding type declarations.
src/dal/index.ts(10,40): error TS2307: Cannot find module 'dal/commentDal' or its corresponding type declarations.
src/dal/index.ts(11,36): error TS2307: Cannot find module 'dal/genreDal' or its corresponding type declarations.
src/dal/index.ts(12,34): error TS2307: Cannot find module 'dal/typeDal' or its corresponding type declarations.
src/dal/index.ts(13,34): error TS2307: Cannot find module 'dal/userDal' or its corresponding type declarations.
src/dal/typeDal.ts(8,24): error TS2307: Cannot find module 'lib/logger' or its corresponding type declarations.
src/dal/typeDal.ts(10,27): error TS2307: Cannot find module '/typesdatabase' or its corresponding type declarations.
src/dal/userDal.ts(6,28): error TS2307: Cannot find module 'database/mutations' or its corresponding type declarations.
src/dal/userDal.ts(7,26): error TS2307: Cannot find module 'database/queries' or its corresponding type declarations.
src/dal/userDal.ts(9,24): error TS2307: Cannot find module 'lib/logger' or its corresponding type declarations.
src/dal/userDal.ts(11,27): error TS2307: Cannot find module '/typesdatabase' or its corresponding type declarations.
src/database/db.ts(5,36): error TS2307: Cannot find module '@/app-config' or its corresponding type declarations.
src/database/mutations/chapters.ts(22,35): error TS2307: Cannot find module 'lib/utils' or its corresponding type declarations.
src/database/mutations/comics.ts(26,35): error TS2307: Cannot find module 'lib/utils' or its corresponding type declarations.
src/database/mutations/index.ts(4,15): error TS2307: Cannot find module 'database/mutations/accounts' or its corresponding type declarations.
src/database/mutations/index.ts(5,15): error TS2307: Cannot find module 'database/mutations/authenticators' or its corresponding type declarations.
src/database/mutations/index.ts(6,15): error TS2307: Cannot find module 'database/mutations/passwordResetToken' or its corresponding type declarations.
src/database/mutations/index.ts(7,15): error TS2307: Cannot find module 'database/mutations/sessions' or its corresponding type declarations.
src/database/mutations/index.ts(8,15): error TS2307: Cannot find module 'database/mutations/verificationTokens' or its corresponding type declarations.
src/database/mutations/index.ts(13,15): error TS2307: Cannot find module 'database/mutations/users' or its corresponding type declarations.
src/database/mutations/index.ts(18,15): error TS2307: Cannot find module 'database/mutations/artists' or its corresponding type declarations.
src/database/mutations/index.ts(19,15): error TS2307: Cannot find module 'database/mutations/authors' or its corresponding type declarations.
src/database/mutations/index.ts(20,15): error TS2307: Cannot find module 'database/mutations/chapterImages' or its corresponding type declarations.
src/database/mutations/index.ts(28,8): error TS2307: Cannot find module 'database/mutations/chapters' or its corresponding type declarations.
src/database/mutations/index.ts(29,15): error TS2307: Cannot find module 'database/mutations/comicImages' or its corresponding type declarations.
src/database/mutations/index.ts(30,15): error TS2307: Cannot find module 'database/mutations/comics' or its corresponding type declarations.
src/database/mutations/index.ts(31,15): error TS2307: Cannot find module 'database/mutations/comicToGenre' or its corresponding type declarations.
src/database/mutations/index.ts(32,15): error TS2307: Cannot find module 'database/mutations/genres' or its corresponding type declarations.
src/database/mutations/index.ts(33,15): error TS2307: Cannot find module 'database/mutations/types' or its corresponding type declarations.
src/database/mutations/index.ts(38,15): error TS2307: Cannot find module 'database/mutations/bookmarks' or its corresponding type declarations.
src/database/mutations/index.ts(39,15): error TS2307: Cannot find module 'database/mutations/comments' or its corresponding type declarations.
src/database/queries/comics.ts(5,79): error TS2307: Cannot find module 'types' or its corresponding type declarations.
src/database/queries/index.ts(4,15): error TS2307: Cannot find module 'database/queries/accounts' or its corresponding type declarations.
src/database/queries/index.ts(5,15): error TS2307: Cannot find module 'database/queries/authenticators' or its corresponding type declarations.
src/database/queries/index.ts(6,15): error TS2307: Cannot find module 'database/queries/passwordResetToken' or its corresponding type declarations.
src/database/queries/index.ts(7,15): error TS2307: Cannot find module 'database/queries/sessions' or its corresponding type declarations.
src/database/queries/index.ts(8,15): error TS2307: Cannot find module 'database/queries/verificationTokens' or its corresponding type declarations.
src/database/queries/index.ts(13,15): error TS2307: Cannot find module 'database/queries/users' or its corresponding type declarations.
src/database/queries/index.ts(18,15): error TS2307: Cannot find module 'database/queries/artists' or its corresponding type declarations.
src/database/queries/index.ts(19,15): error TS2307: Cannot find module 'database/queries/authors' or its corresponding type declarations.
src/database/queries/index.ts(20,15): error TS2307: Cannot find module 'database/queries/chapterImages' or its corresponding type declarations.
src/database/queries/index.ts(29,8): error TS2307: Cannot find module 'database/queries/chapters' or its corresponding type declarations.
src/database/queries/index.ts(30,15): error TS2307: Cannot find module 'database/queries/comicImages' or its corresponding type declarations.
src/database/queries/index.ts(31,15): error TS2307: Cannot find module 'database/queries/comics' or its corresponding type declarations.
src/database/queries/index.ts(32,15): error TS2307: Cannot find module 'database/queries/comicToGenre' or its corresponding type declarations.
src/database/queries/index.ts(33,15): error TS2307: Cannot find module 'database/queries/genres' or its corresponding type declarations.
src/database/queries/index.ts(34,15): error TS2307: Cannot find module 'database/queries/types' or its corresponding type declarations.
src/database/queries/index.ts(39,15): error TS2307: Cannot find module 'database/queries/bookmarks' or its corresponding type declarations.
src/database/queries/index.ts(40,15): error TS2307: Cannot find module 'database/queries/comments' or its corresponding type declarations.
src/database/queries/sampleQueries.ts(15,8): error TS2307: Cannot find module '/typesdatabase' or its corresponding type declarations.
src/database/seed/orchestrator.ts(6,33): error TS2307: Cannot find module 'database/seed/config' or its corresponding type declarations.
src/database/seed/orchestrator.ts(7,24): error TS2307: Cannot find module 'database/seed/logger' or its corresponding type declarations.
src/database/seed/orchestrator.ts(8,31): error TS2307: Cannot find module 'database/seed/seeders/chapterSeeder' or its corresponding type declarations.
src/database/seed/orchestrator.ts(9,29): error TS2307: Cannot find module 'database/seed/seeders/comicSeeder' or its corresponding type declarations.
src/database/seed/orchestrator.ts(10,28): error TS2307: Cannot find module 'database/seed/seeders/userSeeder' or its corresponding type declarations.
src/database/seed/orchestrator.ts(11,27): error TS2307: Cannot find module 'database/seed/utils/fileUtils' or its corresponding type declarations.
src/database/seed/orchestrator.ts(12,49): error TS2307: Cannot find module 'database/seed/utils/helpers' or its corresponding type declarations.
src/database/seed/orchestrator.ts(13,31): error TS2307: Cannot find module 'database/seed/utils/metadataCache' or its corresponding type declarations.
src/database/seed/orchestrator.ts(14,71): error TS2307: Cannot find module 'lib/validations' or its corresponding type declarations.
src/database/seed/seeders/chapterSeeder.ts(5,28): error TS2307: Cannot find module 'database/mutations' or its corresponding type declarations.
src/database/seed/seeders/chapterSeeder.ts(6,26): error TS2307: Cannot find module 'database/queries' or its corresponding type declarations.
src/database/seed/seeders/chapterSeeder.ts(7,33): error TS2307: Cannot find module 'database/seed/config' or its corresponding type declarations.
src/database/seed/seeders/chapterSeeder.ts(8,33): error TS2307: Cannot find module 'database/seed/logger' or its corresponding type declarations.
src/database/seed/seeders/chapterSeeder.ts(9,32): error TS2307: Cannot find module 'database/seed/utils/batchProcessor' or its corresponding type declarations.
src/database/seed/seeders/chapterSeeder.ts(15,8): error TS2307: Cannot find module 'database/seed/utils/helpers' or its corresponding type declarations.
src/database/seed/seeders/chapterSeeder.ts(16,34): error TS2307: Cannot find module 'lib/validations' or its corresponding type declarations.
src/database/seed/seeders/chapterSeeder.ts(17,30): error TS2307: Cannot find module 'services/imageService' or its corresponding type declarations.
src/database/seed/seeders/chapterSeeder.ts(18,35): error TS2307: Cannot find module 'validations/index' or its corresponding type declarations.
src/database/seed/seeders/comicSeeder.ts(5,28): error TS2307: Cannot find module 'database/mutations' or its corresponding type declarations.
src/database/seed/seeders/comicSeeder.ts(6,26): error TS2307: Cannot find module 'database/queries' or its corresponding type declarations.
src/database/seed/seeders/comicSeeder.ts(7,33): error TS2307: Cannot find module 'database/seed/config' or its corresponding type declarations.
src/database/seed/seeders/comicSeeder.ts(8,33): error TS2307: Cannot find module 'database/seed/logger' or its corresponding type declarations.
src/database/seed/seeders/comicSeeder.ts(9,32): error TS2307: Cannot find module 'database/seed/utils/batchProcessor' or its corresponding type declarations.
src/database/seed/seeders/comicSeeder.ts(10,58): error TS2307: Cannot find module 'database/seed/utils/helpers' or its corresponding type declarations.
src/database/seed/seeders/comicSeeder.ts(11,36): error TS2307: Cannot find module 'database/seed/utils/metadataCache' or its corresponding type declarations.
src/database/seed/seeders/comicSeeder.ts(12,32): error TS2307: Cannot find module 'lib/validations' or its corresponding type declarations.
src/database/seed/seeders/comicSeeder.ts(13,30): error TS2307: Cannot find module 'services/imageService' or its corresponding type declarations.
src/database/seed/seeders/comicSeeder.ts(14,33): error TS2307: Cannot find module 'validations/index' or its corresponding type declarations.
src/database/seed/seeders/comicSeeder.ts(15,34): error TS2307: Cannot find module '/typesdatabase' or its corresponding type declarations.
src/database/seed/seeders/userSeeder.ts(5,23): error TS2307: Cannot find module '@/app-config' or its corresponding type declarations.
src/database/seed/seeders/userSeeder.ts(7,28): error TS2307: Cannot find module 'database/mutations' or its corresponding type declarations.
src/database/seed/seeders/userSeeder.ts(8,26): error TS2307: Cannot find module 'database/queries' or its corresponding type declarations.
src/database/seed/seeders/userSeeder.ts(9,33): error TS2307: Cannot find module 'database/seed/logger' or its corresponding type declarations.
src/database/seed/seeders/userSeeder.ts(10,32): error TS2307: Cannot find module 'database/seed/utils/batchProcessor' or its corresponding type declarations.
src/database/seed/seeders/userSeeder.ts(11,31): error TS2307: Cannot find module 'database/seed/utils/helpers' or its corresponding type declarations.
src/database/seed/seeders/userSeeder.ts(12,30): error TS2307: Cannot find module 'services/imageService' or its corresponding type declarations.
src/database/seed/seeders/userSeeder.ts(13,32): error TS2307: Cannot find module 'validations/index' or its corresponding type declarations.
src/database/seed/seeders/userSeeder.ts(15,33): error TS2307: Cannot find module 'database/seed/config' or its corresponding type declarations.
src/database/seed/seeders/userSeeder.ts(16,31): error TS2307: Cannot find module 'lib/validations' or its corresponding type declarations.
src/database/seed/seedHelpers.ts(12,55): error TS2307: Cannot find module 'lib/validations' or its corresponding type declarations.
src/database/seed/utils/batchProcessor.ts(6,24): error TS2307: Cannot find module 'database/seed/logger' or its corresponding type declarations.
src/database/seed/utils/helpers.ts(13,8): error TS2307: Cannot find module 'validations/index' or its corresponding type declarations.
src/database/seed/utils/metadataCache.ts(7,26): error TS2307: Cannot find module 'database/queries' or its corresponding type declarations.
src/dto/artistsDto.ts(28,44): error TS2307: Cannot find module 'actions/artists' or its corresponding type declarations.
src/dto/authDto.ts(55,8): error TS2307: Cannot find module 'actions/auth' or its corresponding type declarations.
src/dto/authorsDto.ts(28,44): error TS2307: Cannot find module 'actions/authors' or its corresponding type declarations.
src/dto/chaptersDto.ts(33,46): error TS2307: Cannot find module 'actions/chapters' or its corresponding type declarations.
src/dto/comicsDto.ts(58,29): error TS2307: Cannot find module 'actions/comics' or its corresponding type declarations.
src/dto/genresDto.ts(29,42): error TS2307: Cannot find module 'actions/genresTypes' or its corresponding type declarations.
src/dto/genresTypesDto.ts(6,31): error TS2307: Cannot find module 'dto/genresDto' or its corresponding type declarations.
src/dto/genresTypesDto.ts(7,30): error TS2307: Cannot find module 'dto/typesDto' or its corresponding type declarations.
src/dto/genresTypesDto.ts(19,53): error TS2307: Cannot find module 'dto/genresDto' or its corresponding type declarations.
src/dto/genresTypesDto.ts(20,51): error TS2307: Cannot find module 'dto/typesDto' or its corresponding type declarations.
src/dto/genresTypesDto.ts(23,43): error TS2307: Cannot find module 'actions/genresTypes' or its corresponding type declarations.
src/dto/typesDto.ts(29,40): error TS2307: Cannot find module 'actions/genresTypes' or its corresponding type declarations.
src/dto/usersDto.ts(33,8): error TS2307: Cannot find module 'actions/usersManagement' or its corresponding type declarations.
src/hooks/use-debounce-callback.tsx(1,15): error TS2307: Cannot find module 'hooks/useDebounceCallback' or its corresponding type declarations.
src/hooks/use-debounce-callback.tsx(2,48): error TS2307: Cannot find module 'hooks/useDebounceCallback' or its corresponding type declarations.
src/hooks/use-event-callback.tsx(1,15): error TS2307: Cannot find module 'hooks/useEventCallback' or its corresponding type declarations.
src/hooks/use-event-callback.tsx(2,45): error TS2307: Cannot find module 'hooks/useEventCallback' or its corresponding type declarations.
src/hooks/use-event-listener.ts(1,15): error TS2307: Cannot find module 'hooks/useEventListener' or its corresponding type declarations.
src/hooks/use-event-listener.ts(2,45): error TS2307: Cannot find module 'hooks/useEventListener' or its corresponding type declarations.
src/hooks/use-isomorphic-layout-effect.tsx(1,15): error TS2307: Cannot find module 'hooks/useIsomorphicLayoutEffect' or its corresponding type declarations.
src/hooks/use-isomorphic-layout-effect.tsx(2,54): error TS2307: Cannot find module 'hooks/useIsomorphicLayoutEffect' or its corresponding type declarations.
src/hooks/use-unmount.tsx(1,15): error TS2307: Cannot find module 'hooks/useUnmount' or its corresponding type declarations.
src/hooks/use-unmount.tsx(2,39): error TS2307: Cannot find module 'hooks/useUnmount' or its corresponding type declarations.
src/hooks/useDebounceCallback.tsx(6,28): error TS2307: Cannot find module 'hooks/use-unmount' or its corresponding type declarations.
src/hooks/useDebounceValue.tsx(3,37): error TS2307: Cannot find module 'hooks/use-debounce-callback' or its corresponding type declarations.
src/hooks/useDebounceValue.tsx(4,37): error TS2307: Cannot find module 'hooks/use-debounce-callback' or its corresponding type declarations.
src/hooks/useEventCallback.tsx(3,43): error TS2307: Cannot find module 'hooks/use-isomorphic-layout-effect' or its corresponding type declarations.
src/hooks/useEventListener.ts(7,43): error TS2307: Cannot find module 'hooks/use-isomorphic-layout-effect' or its corresponding type declarations.
src/hooks/useLocalStorage.ts(7,34): error TS2307: Cannot find module 'hooks/use-event-callback' or its corresponding type declarations.
src/hooks/useLocalStorage.ts(8,34): error TS2307: Cannot find module 'hooks/use-event-listener' or its corresponding type declarations.
src/hooks/useMediaQuery.ts(5,43): error TS2307: Cannot find module 'hooks/use-isomorphic-layout-effect' or its corresponding type declarations.
src/hooks/useOnClickOutside.tsx(3,34): error TS2307: Cannot find module 'hooks/use-event-listener' or its corresponding type declarations.
src/lib/actions/artists.ts(3,43): error TS2307: Cannot find module '@/app-config' or its corresponding type declarations.
src/lib/actions/artists.ts(4,23): error TS2307: Cannot find module 'actions/utils' or its corresponding type declarations.
src/lib/actions/artists.ts(5,28): error TS2307: Cannot find module 'database/mutations' or its corresponding type declarations.
src/lib/actions/artists.ts(6,56): error TS2307: Cannot find module 'lib/validations' or its corresponding type declarations.
src/lib/actions/artists.ts(8,37): error TS2307: Cannot find module 'types' or its corresponding type declarations.
src/lib/actions/auth.ts(7,43): error TS2307: Cannot find module '@/app-config' or its corresponding type declarations.
src/lib/actions/auth.ts(17,8): error TS2307: Cannot find module 'lib/email' or its corresponding type declarations.
src/lib/actions/auth.ts(24,8): error TS2307: Cannot find module 'lib/validations' or its corresponding type declarations.
src/lib/actions/auth.ts(31,8): error TS2307: Cannot find module 'lib/validations' or its corresponding type declarations.
src/lib/actions/authOptimized.ts(8,43): error TS2307: Cannot find module '@/app-config' or its corresponding type declarations.
src/lib/actions/authOptimized.ts(18,8): error TS2307: Cannot find module 'lib/email' or its corresponding type declarations.
src/lib/actions/authOptimized.ts(28,8): error TS2307: Cannot find module 'lib/validations' or its corresponding type declarations.
src/lib/actions/authOptimized.ts(38,8): error TS2307: Cannot find module 'lib/validations' or its corresponding type declarations.
src/lib/actions/authors.ts(3,43): error TS2307: Cannot find module '@/app-config' or its corresponding type declarations.
src/lib/actions/authors.ts(4,23): error TS2307: Cannot find module 'actions/utils' or its corresponding type declarations.
src/lib/actions/authors.ts(5,28): error TS2307: Cannot find module 'database/mutations' or its corresponding type declarations.
src/lib/actions/authors.ts(6,56): error TS2307: Cannot find module 'lib/validations' or its corresponding type declarations.
src/lib/actions/authors.ts(8,37): error TS2307: Cannot find module 'types' or its corresponding type declarations.
src/lib/actions/authorsArtists.ts(7,23): error TS2307: Cannot find module '@/app-config' or its corresponding type declarations.
src/lib/actions/authorsArtists.ts(16,8): error TS2307: Cannot find module 'lib/validations' or its corresponding type declarations.
src/lib/actions/authorsArtists.ts(23,8): error TS2307: Cannot find module 'lib/validations' or its corresponding type declarations.
src/lib/actions/bookmark.ts(8,8): error TS2307: Cannot find module 'database/mutations' or its corresponding type declarations.
src/lib/actions/bookmark.ts(9,34): error TS2307: Cannot find module 'database/queries' or its corresponding type declarations.
src/lib/actions/bookmarksComments.ts(7,23): error TS2307: Cannot find module '@/app-config' or its corresponding type declarations.
src/lib/actions/bookmarksComments.ts(16,8): error TS2307: Cannot find module 'lib/validations' or its corresponding type declarations.
src/lib/actions/bookmarksComments.ts(23,8): error TS2307: Cannot find module 'lib/validations' or its corresponding type declarations.
src/lib/actions/chapter.ts(7,8): error TS2307: Cannot find module 'database/mutations' or its corresponding type declarations.
src/lib/actions/chapter.ts(8,62): error TS2307: Cannot find module 'database/queries' or its corresponding type declarations.
src/lib/actions/chapter.ts(9,63): error TS2307: Cannot find module 'lib/validations' or its corresponding type declarations.
src/lib/actions/chapters.ts(7,23): error TS2307: Cannot find module '@/app-config' or its corresponding type declarations.
src/lib/actions/chapters.ts(10,81): error TS2307: Cannot find module 'lib/validations' or its corresponding type declarations.
src/lib/actions/chapters.ts(11,79): error TS2307: Cannot find module 'lib/validations' or its corresponding type declarations.
src/lib/actions/comic.ts(8,8): error TS2307: Cannot find module 'database/mutations' or its corresponding type declarations.
src/lib/actions/comic.ts(9,40): error TS2307: Cannot find module 'database/queries' or its corresponding type declarations.
src/lib/actions/comic.ts(10,59): error TS2307: Cannot find module 'lib/validations' or its corresponding type declarations.
src/lib/actions/comic.ts(12,35): error TS2307: Cannot find module 'types' or its corresponding type declarations.
src/lib/actions/comics.ts(7,23): error TS2307: Cannot find module '@/app-config' or its corresponding type declarations.
src/lib/actions/comics.ts(10,75): error TS2307: Cannot find module 'lib/validations' or its corresponding type declarations.
src/lib/actions/comics.ts(11,73): error TS2307: Cannot find module 'lib/validations' or its corresponding type declarations.
src/lib/actions/comics.ts(15,28): error TS2307: Cannot find module '/typesdatabase' or its corresponding type declarations.
src/lib/actions/comments.ts(3,43): error TS2307: Cannot find module '@/app-config' or its corresponding type declarations.
src/lib/actions/comments.ts(4,23): error TS2307: Cannot find module 'actions/utils' or its corresponding type declarations.
src/lib/actions/comments.ts(5,28): error TS2307: Cannot find module 'database/mutations' or its corresponding type declarations.
src/lib/actions/comments.ts(7,37): error TS2307: Cannot find module 'types' or its corresponding type declarations.
src/lib/actions/genres.ts(3,43): error TS2307: Cannot find module '@/app-config' or its corresponding type declarations.
src/lib/actions/genres.ts(4,23): error TS2307: Cannot find module 'actions/utils' or its corresponding type declarations.
src/lib/actions/genres.ts(5,28): error TS2307: Cannot find module 'database/mutations' or its corresponding type declarations.
src/lib/actions/genres.ts(6,54): error TS2307: Cannot find module 'lib/validations' or its corresponding type declarations.
src/lib/actions/genres.ts(8,37): error TS2307: Cannot find module 'types' or its corresponding type declarations.
src/lib/actions/genresTypes.ts(7,23): error TS2307: Cannot find module '@/app-config' or its corresponding type declarations.
src/lib/actions/genresTypes.ts(16,8): error TS2307: Cannot find module 'lib/validations' or its corresponding type declarations.
src/lib/actions/genresTypes.ts(23,8): error TS2307: Cannot find module 'lib/validations' or its corresponding type declarations.
src/lib/actions/types.ts(3,43): error TS2307: Cannot find module '@/app-config' or its corresponding type declarations.
src/lib/actions/types.ts(4,23): error TS2307: Cannot find module 'actions/utils' or its corresponding type declarations.
src/lib/actions/types.ts(5,28): error TS2307: Cannot find module 'database/mutations' or its corresponding type declarations.
src/lib/actions/types.ts(6,52): error TS2307: Cannot find module 'lib/validations' or its corresponding type declarations.
src/lib/actions/types.ts(8,37): error TS2307: Cannot find module 'types' or its corresponding type declarations.
src/lib/actions/users.ts(3,43): error TS2307: Cannot find module '@/app-config' or its corresponding type declarations.
src/lib/actions/users.ts(4,23): error TS2307: Cannot find module 'actions/utils' or its corresponding type declarations.
src/lib/actions/users.ts(7,28): error TS2307: Cannot find module 'database/mutations' or its corresponding type declarations.
src/lib/actions/users.ts(8,26): error TS2307: Cannot find module 'database/queries' or its corresponding type declarations.
src/lib/actions/users.ts(9,58): error TS2307: Cannot find module 'lib/nodemailer' or its corresponding type declarations.
src/lib/actions/users.ts(10,30): error TS2307: Cannot find module 'lib/validations' or its corresponding type declarations.
src/lib/actions/users.ts(12,37): error TS2307: Cannot find module 'types' or its corresponding type declarations.
src/lib/actions/usersManagement.ts(7,23): error TS2307: Cannot find module '@/app-config' or its corresponding type declarations.
src/lib/actions/usersManagement.ts(11,59): error TS2307: Cannot find module 'lib/email' or its corresponding type declarations.
src/lib/actions/usersManagement.ts(12,72): error TS2307: Cannot find module 'lib/validations' or its corresponding type declarations.
src/lib/actions/usersManagement.ts(13,70): error TS2307: Cannot find module 'lib/validations' or its corresponding type declarations.
src/lib/actions/utils.ts(5,37): error TS2307: Cannot find module 'types' or its corresponding type declarations.
src/lib/actions/workflow.ts(3,23): error TS2307: Cannot find module '@/app-config' or its corresponding type declarations.
src/lib/actions/workflow.ts(4,23): error TS2307: Cannot find module 'actions/utils' or its corresponding type declarations.
src/lib/actions/workflow.ts(8,81): error TS2307: Cannot find module 'lib/nodemailer' or its corresponding type declarations.
src/lib/actions/workflow.ts(9,32): error TS2307: Cannot find module 'lib/ratelimit' or its corresponding type declarations.
src/lib/actions/workflow.ts(15,8): error TS2307: Cannot find module 'lib/validations' or its corresponding type declarations.
src/lib/actions/workflow.ts(17,37): error TS2307: Cannot find module 'types' or its corresponding type declarations.
src/lib/authAdapter.ts(1,58): error TS2307: Cannot find module 'auth/drizzle-adapter' or its corresponding type declarations.
src/lib/authConfig.ts(9,23): error TS2307: Cannot find module '@/app-config' or its corresponding type declarations.
src/lib/cache.ts(4,21): error TS2307: Cannot find module '@/app-config' or its corresponding type declarations.
src/lib/cacheMiddleware.ts(5,34): error TS2307: Cannot find module 'lib/cache' or its corresponding type declarations.
src/lib/cacheMiddleware.ts(137,39): error TS2345: Argument of type 'unknown' is not assignable to parameter of type 'string'.
src/lib/comicCache.ts(1,28): error TS2307: Cannot find module '/typesdatabase' or its corresponding type declarations.
src/lib/comicCache.ts(3,35): error TS2307: Cannot find module 'lib/cache' or its corresponding type declarations.
src/lib/comicCache.ts(4,46): error TS2307: Cannot find module 'lib/cache' or its corresponding type declarations.
src/lib/email.ts(5,42): error TS2307: Cannot find module '@/app-config' or its corresponding type declarations.
src/lib/email.ts(6,33): error TS2307: Cannot find module 'emails/AccountUpdatedEmail' or its corresponding type declarations.
src/lib/email.ts(7,38): error TS2307: Cannot find module 'emails/CommentNotificationEmail' or its corresponding type declarations.
src/lib/email.ts(8,29): error TS2307: Cannot find module 'emails/NewChapterEmail' or its corresponding type declarations.
src/lib/email.ts(9,32): error TS2307: Cannot find module 'emails/PasswordResetEmail' or its corresponding type declarations.
src/lib/email.ts(10,31): error TS2307: Cannot find module 'emails/VerificationEmail' or its corresponding type declarations.
src/lib/email.ts(11,26): error TS2307: Cannot find module 'emails/WelcomeEmail' or its corresponding type declarations.
src/lib/email.ts(13,24): error TS2307: Cannot find module 'react-emailcomponents' or its corresponding type declarations.
src/lib/email.ts(15,39): error TS2307: Cannot find module 'types' or its corresponding type declarations.
src/lib/env.ts(1,27): error TS2307: Cannot find module 't3-oss/env-nextjs' or its corresponding type declarations.
src/lib/image.ts(5,21): error TS2307: Cannot find module '@/app-config' or its corresponding type declarations.
src/lib/imagekit.ts(5,23): error TS2307: Cannot find module '@/app-config' or its corresponding type declarations.
src/lib/imagekit.ts(197,11): error TS2571: Object is of type 'unknown'.
src/lib/nodemailer.ts(1,32): error TS2307: Cannot find module '@/app-config' or its corresponding type declarations.
src/lib/proxy.ts(1,21): error TS2307: Cannot find module '@/app-config' or its corresponding type declarations.
src/lib/queue.ts(1,21): error TS2307: Cannot find module '@/app-config' or its corresponding type declarations.
src/lib/queue.ts(5,38): error TS2307: Cannot find module 'lib/email' or its corresponding type declarations.
src/lib/queue.ts(6,27): error TS2307: Cannot find module 'lib/email' or its corresponding type declarations.
src/lib/ratelimit.ts(1,23): error TS2307: Cannot find module '@/app-config' or its corresponding type declarations.
src/lib/validations/comicForm.ts(2,53): error TS2307: Cannot find module 'lib/validations/index' or its corresponding type declarations.
src/lib/validations/schemas.ts(2,15): error TS2307: Cannot find module 'lib/validations/index' or its corresponding type declarations.
src/lib/workflow.ts(7,23): error TS2307: Cannot find module '@/app-config' or its corresponding type declarations.
src/lib/workflow.ts(8,41): error TS2307: Cannot find module 'lib/email' or its corresponding type declarations.
src/lib/workflow.ts(9,32): error TS2307: Cannot find module 'lib/ratelimit' or its corresponding type declarations.
src/services/cacheService.ts(1,21): error TS2307: Cannot find module '@/app-config' or its corresponding type declarations.
src/services/cacheService.ts(2,35): error TS2307: Cannot find module 'lib/cache' or its corresponding type declarations.
src/services/imageService.ts(9,37): error TS2307: Cannot find module 'services/upload' or its corresponding type declarations.
src/services/imageService.ts(10,35): error TS2307: Cannot find module 'services/upload' or its corresponding type declarations.
src/services/rateLimitService.ts(7,21): error TS2307: Cannot find module '@/app-config' or its corresponding type declarations.
src/services/readingProgressService.ts(3,10): error TS2459: Module '"database"' declares 'chapter' locally, but it is not exported.
src/services/readingProgressService.ts(3,19): error TS2459: Module '"database"' declares 'comic' locally, but it is not exported.
src/services/readingProgressService.ts(3,26): error TS2305: Module '"database"' has no exported member 'readingProgress'.
src/services/readingProgressService.ts(6,51): error TS2307: Cannot find module 'services/cacheService' or its corresponding type declarations.
src/services/upload/factory.ts(5,21): error TS2307: Cannot find module '@/app-config' or its corresponding type declarations.
src/services/upload/factory.ts(7,57): error TS2307: Cannot find module 'services/upload/types' or its corresponding type declarations.
src/services/upload/index.ts(6,35): error TS2307: Cannot find module 'services/upload/factory' or its corresponding type declarations.
src/services/upload/index.ts(42,8): error TS2307: Cannot find module 'services/upload/factory' or its corresponding type declarations.
src/services/upload/index.ts(93,8): error TS2307: Cannot find module 'services/upload/types' or its corresponding type declarations.
src/services/upload/providers/cloudinary.ts(6,21): error TS2307: Cannot find module '@/app-config' or its corresponding type declarations.
src/services/upload/providers/cloudinary.ts(9,66): error TS2307: Cannot find module 'services/upload/index' or its corresponding type declarations.
src/services/upload/providers/imagekit.ts(8,21): error TS2307: Cannot find module '@/app-config' or its corresponding type declarations.
src/services/upload/providers/imagekit.ts(11,66): error TS2307: Cannot find module 'services/upload/index' or its corresponding type declarations.
src/services/upload/providers/imagekit.ts(77,9): error TS2353: Object literal may only specify known properties, and 'transformation' does not exist in type 'UploadOptions'.
src/services/upload/providers/imagekit.ts(88,14): error TS18046: 'result' is of type 'unknown'.
src/services/upload/providers/imagekit.ts(89,19): error TS18046: 'result' is of type 'unknown'.
src/services/upload/providers/imagekit.ts(90,16): error TS18046: 'result' is of type 'unknown'.
src/services/upload/providers/imagekit.ts(91,17): error TS18046: 'result' is of type 'unknown'.
src/services/upload/providers/imagekit.ts(92,17): error TS18046: 'result' is of type 'unknown'.
src/services/upload/providers/imagekit.ts(93,15): error TS18046: 'result' is of type 'unknown'.
src/services/upload/providers/imagekit.ts(94,41): error TS18046: 'result' is of type 'unknown'.
src/services/upload/providers/imagekit.ts(130,33): error TS2345: Argument of type 'string' is not assignable to parameter of type 'DeleteFileOptions'.
src/services/upload/providers/imagekit.ts(160,7): error TS2353: Object literal may only specify known properties, and 'src' does not exist in type '{ path: string; transformation: { [key: string]: string | number; }[]; }'.
src/services/upload/providers/imagekit.ts(230,7): error TS2353: Object literal may only specify known properties, and 'src' does not exist in type '{ path: string; transformation: { [key: string]: string | number; }[]; }'.
src/services/upload/providers/local.ts(11,66): error TS2307: Cannot find module 'services/upload/index' or its corresponding type declarations.
src/services/upload/providers/s3.ts(6,21): error TS2307: Cannot find module '@/app-config' or its corresponding type declarations.
src/services/upload/providers/s3.ts(7,65): error TS2307: Cannot find module 'aws-sdk/client-s3' or its corresponding type declarations.
src/services/upload/providers/s3.ts(8,66): error TS2307: Cannot find module 'services/upload/index' or its corresponding type declarations.
src/tests/auth.spec.ts(1,21): error TS2307: Cannot find module '@/app-config' or its corresponding type declarations.
src/tests/crud.spec.ts(1,21): error TS2307: Cannot find module '@/app-config' or its corresponding type declarations.
src/tests/setup.ts(1,27): error TS2307: Cannot find module 'testing-library/jest-dom/matchers' or its corresponding type declarations.
src/tests/setup.ts(2,25): error TS2307: Cannot find module 'testing-library/react' or its corresponding type declarations.
src/tests/unit/actions/auth.test.ts(5,45): error TS2307: Cannot find module 'actions/auth' or its corresponding type declarations.
src/tests/unit/actions/auth.test.ts(7,31): error TS2307: Cannot find module 'lib/ratelimit' or its corresponding type declarations.
src/tests/unit/actions/bookmark.test.ts(5,75): error TS2307: Cannot find module 'actions/bookmark' or its corresponding type declarations.
src/tests/unit/actions/bookmark.test.ts(7,28): error TS2307: Cannot find module 'database/mutations' or its corresponding type declarations.
src/tests/unit/actions/bookmark.test.ts(8,26): error TS2307: Cannot find module 'database/queries' or its corresponding type declarations.
src/tests/unit/actions/chapter.test.ts(5,64): error TS2307: Cannot find module 'actions/chapter' or its corresponding type declarations.
src/tests/unit/actions/chapter.test.ts(7,28): error TS2307: Cannot find module 'database/mutations' or its corresponding type declarations.
src/tests/unit/actions/chapter.test.ts(8,26): error TS2307: Cannot find module 'database/queries' or its corresponding type declarations.
src/tests/unit/actions/comic.test.ts(5,80): error TS2307: Cannot find module 'actions/comic' or its corresponding type declarations.
src/tests/unit/actions/comic.test.ts(7,28): error TS2307: Cannot find module 'database/mutations' or its corresponding type declarations.
src/tests/unit/actions/comic.test.ts(8,26): error TS2307: Cannot find module 'database/queries' or its corresponding type declarations.
src/tests/unit/actions/comic.test.ts(12,35): error TS2307: Cannot find module 'types' or its corresponding type declarations.
src/tests/unit/actions/comment.test.ts(5,61): error TS2307: Cannot find module 'actions/comments' or its corresponding type declarations.
src/tests/unit/actions/comment.test.ts(6,28): error TS2307: Cannot find module 'database/mutations' or its corresponding type declarations.
src/tests/unit/actions/comment.test.ts(10,32): error TS2307: Cannot find module '@/app-config' or its corresponding type declarations.
src/tests/unit/schemas.test.ts(16,8): error TS2307: Cannot find module 'lib/validations' or its corresponding type declarations.
src/tests/unit/validations.test.ts(14,8): error TS2307: Cannot find module 'lib/validations' or its corresponding type declarations.
src/types/index.ts(10,15): error TS2307: Cannot find module 'types/Core' or its corresponding type declarations.
src/types/index.ts(11,15): error TS2307: Cannot find module 'types/Utility' or its corresponding type declarations.
src/types/index.ts(17,15): error TS2307: Cannot find module 'typesdatabase' or its corresponding type declarations.
src/types/index.ts(23,15): error TS2307: Cannot find module 'types/actions' or its corresponding type declarations.
src/types/index.ts(24,15): error TS2307: Cannot find module 'types/Api' or its corresponding type declarations.
src/types/index.ts(25,15): error TS2307: Cannot find module 'types/forms' or its corresponding type declarations.
src/types/index.ts(26,15): error TS2307: Cannot find module 'typescomponents' or its corresponding type declarations.
vitest.config.ts(2,19): error TS2307: Cannot find module 'vitejs/plugin-react' or its corresponding type declarations.
ΓÇëELIFECYCLEΓÇë Command failed with exit code 1.
